
Discarded input sections

 .data          0x0000000000000000        0x0 build/obj/crt0_v7m.o
 .bss           0x0000000000000000        0x0 build/obj/crt0_v7m.o
 .data          0x0000000000000000        0x0 build/obj/chcoreasm_v7m.o
 .bss           0x0000000000000000        0x0 build/obj/chcoreasm_v7m.o
 .text          0x0000000000000000        0x0 build/obj/crt1.o (symbol from plugin)
 .text          0x0000000000000000        0x0 /tmp/cc3NXLSa.ltrans0.ltrans.o
 .data          0x0000000000000000        0x0 /tmp/cc3NXLSa.ltrans0.ltrans.o
 .bss           0x0000000000000000        0x0 /tmp/cc3NXLSa.ltrans0.ltrans.o
 .text          0x0000000000000000        0x0 /tmp/cc3NXLSa.ltrans1.ltrans.o
 .data          0x0000000000000000        0x0 /tmp/cc3NXLSa.ltrans1.ltrans.o
 .bss           0x0000000000000000        0x0 /tmp/cc3NXLSa.ltrans1.ltrans.o
 .text          0x0000000000000000        0x0 /tmp/cc3NXLSa.ltrans2.ltrans.o
 .data          0x0000000000000000        0x0 /tmp/cc3NXLSa.ltrans2.ltrans.o
 .bss           0x0000000000000000        0x0 /tmp/cc3NXLSa.ltrans2.ltrans.o
 .text          0x0000000000000000        0x0 /tmp/cc3NXLSa.ltrans3.ltrans.o
 .data          0x0000000000000000        0x0 /tmp/cc3NXLSa.ltrans3.ltrans.o
 .bss           0x0000000000000000        0x0 /tmp/cc3NXLSa.ltrans3.ltrans.o
 .text          0x0000000000000000        0x0 /tmp/cc3NXLSa.ltrans4.ltrans.o
 .data          0x0000000000000000        0x0 /tmp/cc3NXLSa.ltrans4.ltrans.o
 .bss           0x0000000000000000        0x0 /tmp/cc3NXLSa.ltrans4.ltrans.o
 .text          0x0000000000000000        0x0 /tmp/cc3NXLSa.ltrans5.ltrans.o
 .data          0x0000000000000000        0x0 /tmp/cc3NXLSa.ltrans5.ltrans.o
 .bss           0x0000000000000000        0x0 /tmp/cc3NXLSa.ltrans5.ltrans.o
 .text          0x0000000000000000        0x0 /tmp/cc3NXLSa.ltrans6.ltrans.o
 .data          0x0000000000000000        0x0 /tmp/cc3NXLSa.ltrans6.ltrans.o
 .bss           0x0000000000000000        0x0 /tmp/cc3NXLSa.ltrans6.ltrans.o
 .text          0x0000000000000000        0x0 build/obj/vectors.o (symbol from plugin)
 .text          0x0000000000000000        0x0 build/obj/chsys.o (symbol from plugin)
 .text          0x0000000000000000        0x0 build/obj/chdebug.o (symbol from plugin)
 .text          0x0000000000000000        0x0 build/obj/chtrace.o (symbol from plugin)
 .text          0x0000000000000000        0x0 build/obj/chvt.o (symbol from plugin)
 .text          0x0000000000000000        0x0 build/obj/chschd.o (symbol from plugin)
 .text          0x0000000000000000        0x0 build/obj/chthreads.o (symbol from plugin)
 .text          0x0000000000000000        0x0 build/obj/chtm.o (symbol from plugin)
 .text          0x0000000000000000        0x0 build/obj/chregistry.o (symbol from plugin)
 .text          0x0000000000000000        0x0 build/obj/chsem.o (symbol from plugin)
 .text          0x0000000000000000        0x0 build/obj/chmtx.o (symbol from plugin)
 .text          0x0000000000000000        0x0 build/obj/chcond.o (symbol from plugin)
 .text          0x0000000000000000        0x0 build/obj/chevents.o (symbol from plugin)
 .text          0x0000000000000000        0x0 build/obj/chmsg.o (symbol from plugin)
 .text          0x0000000000000000        0x0 build/obj/chdynamic.o (symbol from plugin)
 .text          0x0000000000000000        0x0 build/obj/chmboxes.o (symbol from plugin)
 .text          0x0000000000000000        0x0 build/obj/chmemcore.o (symbol from plugin)
 .text          0x0000000000000000        0x0 build/obj/chheap.o (symbol from plugin)
 .text          0x0000000000000000        0x0 build/obj/chmempools.o (symbol from plugin)
 .text          0x0000000000000000        0x0 build/obj/chcore.o (symbol from plugin)
 .text          0x0000000000000000        0x0 build/obj/chcore_v7m.o (symbol from plugin)
 .text          0x0000000000000000        0x0 build/obj/osal.o (symbol from plugin)
 .text          0x0000000000000000        0x0 build/obj/hal.o (symbol from plugin)
 .text          0x0000000000000000        0x0 build/obj/hal_st.o (symbol from plugin)
 .text          0x0000000000000000        0x0 build/obj/hal_buffers.o (symbol from plugin)
 .text          0x0000000000000000        0x0 build/obj/hal_queues.o (symbol from plugin)
 .text          0x0000000000000000        0x0 build/obj/hal_mmcsd.o (symbol from plugin)
 .text          0x0000000000000000        0x0 build/obj/hal_pal.o (symbol from plugin)
 .text          0x0000000000000000        0x0 build/obj/hal_serial.o (symbol from plugin)
 .text          0x0000000000000000        0x0 build/obj/nvic.o (symbol from plugin)
 .text          0x0000000000000000        0x0 build/obj/hal_lld.o (symbol from plugin)
 .text          0x0000000000000000        0x0 build/obj/stm32_dma.o (symbol from plugin)
 .text          0x0000000000000000        0x0 build/obj/hal_pal_lld.o (symbol from plugin)
 .text          0x0000000000000000        0x0 build/obj/hal_st_lld.o (symbol from plugin)
[...]
Memory Configuration

Name             Origin             Length             Attributes
flash0           0x0000000008000000 0x0000000000100000
flash1           0x0000000000000000 0x0000000000000000
flash2           0x0000000000000000 0x0000000000000000
flash3           0x0000000000000000 0x0000000000000000
flash4           0x0000000000000000 0x0000000000000000
flash5           0x0000000000000000 0x0000000000000000
flash6           0x0000000000000000 0x0000000000000000
flash7           0x0000000000000000 0x0000000000000000
ram0             0x0000000020000000 0x0000000000020000
ram1             0x0000000020000000 0x000000000001c000
ram2             0x000000002001c000 0x0000000000004000
ram3             0x0000000000000000 0x0000000000000000
ram4             0x0000000010000000 0x0000000000010000
ram5             0x0000000040024000 0x0000000000001000
ram6             0x0000000000000000 0x0000000000000000
ram7             0x0000000000000000 0x0000000000000000
*default*        0x0000000000000000 0xffffffffffffffff

Linker script and memory map

LOAD build/obj/crt0_v7m.o
LOAD build/obj/chcoreasm_v7m.o
LOAD build/obj/crt1.o
LOAD /tmp/cc3NXLSa.ltrans0.ltrans.o
LOAD /tmp/cc3NXLSa.ltrans1.ltrans.o
LOAD /tmp/cc3NXLSa.ltrans2.ltrans.o
LOAD /tmp/cc3NXLSa.ltrans3.ltrans.o
LOAD /tmp/cc3NXLSa.ltrans4.ltrans.o
LOAD /tmp/cc3NXLSa.ltrans5.ltrans.o
LOAD /tmp/cc3NXLSa.ltrans6.ltrans.o
LOAD build/obj/vectors.o
LOAD build/obj/chsys.o
LOAD build/obj/chdebug.o
LOAD build/obj/chtrace.o
LOAD build/obj/chvt.o
LOAD build/obj/chschd.o
LOAD build/obj/chthreads.o
LOAD build/obj/chtm.o
LOAD build/obj/chregistry.o
LOAD build/obj/chsem.o
LOAD build/obj/chmtx.o
LOAD build/obj/chcond.o
LOAD build/obj/chevents.o
LOAD build/obj/chmsg.o
LOAD build/obj/chdynamic.o
LOAD build/obj/chmboxes.o
LOAD build/obj/chmemcore.o
LOAD build/obj/chheap.o
LOAD build/obj/chmempools.o
LOAD build/obj/chcore.o
LOAD build/obj/chcore_v7m.o
LOAD build/obj/osal.o
LOAD build/obj/hal.o
LOAD build/obj/hal_st.o
LOAD build/obj/hal_buffers.o
LOAD build/obj/hal_queues.o
LOAD build/obj/hal_mmcsd.o
LOAD build/obj/hal_pal.o
LOAD build/obj/hal_serial.o
LOAD build/obj/nvic.o
LOAD build/obj/hal_lld.o
LOAD build/obj/stm32_dma.o
LOAD build/obj/hal_pal_lld.o
LOAD build/obj/hal_st_lld.o
LOAD build/obj/hal_serial_lld.o
LOAD build/obj/board.o
LOAD build/obj/ch_test.o
LOAD build/obj/test_root.o
LOAD build/obj/test_sequence_001.o
LOAD build/obj/test_sequence_002.o
LOAD build/obj/test_sequence_003.o
LOAD build/obj/test_sequence_004.o
LOAD build/obj/test_sequence_005.o
LOAD build/obj/test_sequence_006.o
LOAD build/obj/test_sequence_007.o
LOAD build/obj/test_sequence_008.o
LOAD build/obj/test_sequence_009.o
LOAD build/obj/test_sequence_010.o
LOAD build/obj/test_sequence_011.o
LOAD build/obj/test_sequence_012.o
LOAD build/obj/main.o

.mstack         0x0000000020000000      0x400
                0x0000000020000000                . = ALIGN (0x8)
                0x0000000020000000                __main_stack_base__ = .
                0x0000000020000400                . = (. + __main_stack_size__)
 *fill*         0x0000000020000000      0x400 
                0x0000000020000400                . = ALIGN (0x8)
                0x0000000020000400                __main_stack_end__ = .

.pstack         0x0000000020000400      0x400
                0x0000000020000400                __process_stack_base__ = .
                0x0000000020000400                __main_thread_stack_base__ = .
                0x0000000020000800                . = (. + __process_stack_size__)
 *fill*         0x0000000020000400      0x400 
                0x0000000020000800                . = ALIGN (0x8)
                0x0000000020000800                __process_stack_end__ = .
                0x0000000020000800                __main_thread_stack_end__ = .

.vectors        0x0000000008000000      0x1c0
 *(.vectors)
 .vectors       0x0000000008000000      0x1c0 /tmp/cc3NXLSa.ltrans0.ltrans.o
                0x0000000008000000                _vectors

.xtors          0x00000000080001c0        0x0
                0x00000000080001c0                __init_array_start = .
 *(SORT(.init_array.*))
 *(.init_array)
                0x00000000080001c0                __init_array_end = .
                0x00000000080001c0                __fini_array_start = .
 *(.fini_array)
 *(SORT(.fini_array.*))
                0x00000000080001c0                __fini_array_end = .

.text           0x00000000080001c0     0x5f04
 *(.text)
 .text          0x00000000080001c0       0xd4 build/obj/crt0_v7m.o
                0x00000000080001c0                Reset_Handler
 .text          0x0000000008000294       0x28 build/obj/chcoreasm_v7m.o
                0x0000000008000294                _port_switch
                0x00000000080002a4                _port_thread_start
                0x00000000080002b4                _port_switch_from_isr
                0x00000000080002b8                _port_exit_from_isr
 *(.text.*)
 *fill*         0x00000000080002bc        0x4 
 .text.notify2.lto_priv.73
                0x00000000080002c0       0x10 /tmp/cc3NXLSa.ltrans0.ltrans.o
                0x00000000080002c0                notify2.lto_priv.73
 .text._port_irq_epilogue
                0x00000000080002d0       0x5c /tmp/cc3NXLSa.ltrans0.ltrans.o
 *fill*         0x000000000800032c        0x4 
 .text.VectorB0
                0x0000000008000330       0x94 /tmp/cc3NXLSa.ltrans0.ltrans.o
 *fill*         0x00000000080003c4        0xc 
 .text.SVC_Handler
                0x00000000080003d0       0x1c /tmp/cc3NXLSa.ltrans0.ltrans.o
 *fill*         0x00000000080003ec        0x4 
 .text.chCoreAllocAligned
                0x00000000080003f0       0x40 /tmp/cc3NXLSa.ltrans0.ltrans.o
                0x00000000080003f0                chCoreAllocAligned
 .text.wakeup.lto_priv.180
                0x0000000008000430       0x70 /tmp/cc3NXLSa.ltrans0.ltrans.o
                0x0000000008000430                wakeup.lto_priv.180
 .text._idle_thread.lto_priv.79
                0x00000000080004a0        0x4 /tmp/cc3NXLSa.ltrans0.ltrans.o
                0x00000000080004a0                _idle_thread.lto_priv.79
 *fill*         0x00000000080004a4        0xc 
 .text._unhandled_exception
                0x00000000080004b0        0x4 /tmp/cc3NXLSa.ltrans0.ltrans.o
 *fill*         0x00000000080004b4        0xc 
 .text.test_terminate_threads
                0x00000000080004c0       0x34 /tmp/cc3NXLSa.ltrans0.ltrans.o
                0x00000000080004c0                test_terminate_threads
 *fill*         0x00000000080004f4        0xc 
 .text.test_emit_token
                0x0000000008000500       0x28 /tmp/cc3NXLSa.ltrans0.ltrans.o
                0x0000000008000500                test_emit_token
 *fill*         0x0000000008000528        0x8 
 .text.test_println
                0x0000000008000530       0x38 /tmp/cc3NXLSa.ltrans0.ltrans.o
                0x0000000008000530                test_println
 *fill*         0x0000000008000568        0x8 
 .text.test_print
                0x0000000008000570       0x24 /tmp/cc3NXLSa.ltrans0.ltrans.o
                0x0000000008000570                test_print
 *fill*         0x0000000008000594        0xc 
 .text.test_printn
                0x00000000080005a0       0x60 /tmp/cc3NXLSa.ltrans0.ltrans.o
                0x00000000080005a0                test_printn
 .text._test_assert_sequence
                0x0000000008000600       0x4c /tmp/cc3NXLSa.ltrans0.ltrans.o
                0x0000000008000600                _test_assert_sequence
 *fill*         0x000000000800064c        0x4 
 .text._test_assert
                0x0000000008000650       0x28 /tmp/cc3NXLSa.ltrans0.ltrans.o
                0x0000000008000650                _test_assert
 *fill*         0x0000000008000678        0x8 
 .text.print_line.lto_priv.164
                0x0000000008000680       0x2c /tmp/cc3NXLSa.ltrans0.ltrans.o
                0x0000000008000680                print_line.lto_priv.164
 *fill*         0x00000000080006ac        0x4 
 .text.__early_init
                0x00000000080006b0       0xf0 /tmp/cc3NXLSa.ltrans0.ltrans.o
                0x00000000080006b0                __early_init
 .text.chPoolAlloc
                0x00000000080007a0       0x30 /tmp/cc3NXLSa.ltrans0.ltrans.o
                0x00000000080007a0                chPoolAlloc
 .text.chEvtAddEvents
                0x00000000080007d0       0x1c /tmp/cc3NXLSa.ltrans0.ltrans.o
                0x00000000080007d0                chEvtAddEvents
 *fill*         0x00000000080007ec        0x4 
 .text.chEvtUnregister
                0x00000000080007f0       0x2c /tmp/cc3NXLSa.ltrans0.ltrans.o
                0x00000000080007f0                chEvtUnregister
 *fill*         0x000000000800081c        0x4 
 .text.chTMStopMeasurementX
                0x0000000008000820       0x44 /tmp/cc3NXLSa.ltrans0.ltrans.o
                0x0000000008000820                chTMStopMeasurementX
 *fill*         0x0000000008000864        0xc 
 .text.chThdYield
                0x0000000008000870       0x58 /tmp/cc3NXLSa.ltrans0.ltrans.o
                0x0000000008000870                chThdYield
 *fill*         0x00000000080008c8        0x8 
 .text.chThdCreateSuspendedI
                0x00000000080008d0       0x88 /tmp/cc3NXLSa.ltrans0.ltrans.o
                0x00000000080008d0                chThdCreateSuspendedI
 *fill*         0x0000000008000958        0x8 
 .text.chSchDoRescheduleAhead
                0x0000000008000960       0x40 /tmp/cc3NXLSa.ltrans0.ltrans.o
                0x0000000008000960                chSchDoReschedule
 .text.chSchRescheduleS
                0x00000000080009a0       0x18 /tmp/cc3NXLSa.ltrans0.ltrans.o
                0x00000000080009a0                chSchRescheduleS
 *fill*         0x00000000080009b8        0x8 
 .text.chThdSetPriority
                0x00000000080009c0       0x30 /tmp/cc3NXLSa.ltrans0.ltrans.o
                0x00000000080009c0                chThdSetPriority
 .text.chSchWakeupS
                0x00000000080009f0       0x60 /tmp/cc3NXLSa.ltrans0.ltrans.o
                0x00000000080009f0                chSchWakeupS
 .text.chSemSignal
                0x0000000008000a50       0x34 /tmp/cc3NXLSa.ltrans0.ltrans.o
                0x0000000008000a50                chSemSignal
 *fill*         0x0000000008000a84        0xc 
 .text.chSchGoSleepS
                0x0000000008000a90       0x28 /tmp/cc3NXLSa.ltrans0.ltrans.o
                0x0000000008000a90                chSchGoSleepS
 *fill*         0x0000000008000ab8        0x8 
 .text.chMsgWait
                0x0000000008000ac0       0x40 /tmp/cc3NXLSa.ltrans0.ltrans.o
                0x0000000008000ac0                chMsgWait
 .text.chSemWait
                0x0000000008000b00       0x44 /tmp/cc3NXLSa.ltrans0.ltrans.o
                0x0000000008000b00                chSemWait
 *fill*         0x0000000008000b44        0xc 
 .text.chSchReadyI
                0x0000000008000b50       0x2c /tmp/cc3NXLSa.ltrans0.ltrans.o
                0x0000000008000b50                chSchReadyI
 *fill*         0x0000000008000b7c        0x4 
 .text.chMsgSend
                0x0000000008000b80       0x40 /tmp/cc3NXLSa.ltrans0.ltrans.o
                0x0000000008000b80                chMsgSend
 .text.chEvtSignalI
                0x0000000008000bc0       0x2c /tmp/cc3NXLSa.ltrans0.ltrans.o
                0x0000000008000bc0                chEvtSignalI
 *fill*         0x0000000008000bec        0x4 
 .text.chEvtBroadcastFlagsI
                0x0000000008000bf0       0x2c /tmp/cc3NXLSa.ltrans0.ltrans.o
                0x0000000008000bf0                chEvtBroadcastFlagsI
 *fill*         0x0000000008000c1c        0x4 
 .text.VectorD8
                0x0000000008000c20      0x1cc /tmp/cc3NXLSa.ltrans0.ltrans.o
 *fill*         0x0000000008000dec        0x4 
 .text.chMtxUnlockS
                0x0000000008000df0       0x50 /tmp/cc3NXLSa.ltrans0.ltrans.o
                0x0000000008000df0                chMtxUnlockS
 .text.chMtxUnlock
                0x0000000008000e40       0x64 /tmp/cc3NXLSa.ltrans0.ltrans.o
                0x0000000008000e40                chMtxUnlock
 *fill*         0x0000000008000ea4        0xc 
 .text.chMtxLockS
                0x0000000008000eb0       0xc8 /tmp/cc3NXLSa.ltrans0.ltrans.o
                0x0000000008000eb0                chMtxLockS
 *fill*         0x0000000008000f78        0x8 
 .text.chMtxLock
                0x0000000008000f80       0x14 /tmp/cc3NXLSa.ltrans0.ltrans.o
                0x0000000008000f80                chMtxLock
 *fill*         0x0000000008000f94        0xc 
 .text.chHeapStatus
                0x0000000008000fa0       0x68 /tmp/cc3NXLSa.ltrans0.ltrans.o
                0x0000000008000fa0                chHeapStatus
 *fill*         0x0000000008001008        0x8 
 .text.chHeapFree
                0x0000000008001010       0x9c /tmp/cc3NXLSa.ltrans0.ltrans.o
                0x0000000008001010                chHeapFree
 *fill*         0x00000000080010ac        0x4 
 .text.chThdRelease
                0x00000000080010b0       0x64 /tmp/cc3NXLSa.ltrans0.ltrans.o
                0x00000000080010b0                chThdRelease
 *fill*         0x0000000008001114        0xc 
 .text.chThdWait
                0x0000000008001120       0x38 /tmp/cc3NXLSa.ltrans0.ltrans.o
                0x0000000008001120                chThdWait
 *fill*         0x0000000008001158        0x8 
 .text.test_wait_threads
                0x0000000008001160       0x20 /tmp/cc3NXLSa.ltrans0.ltrans.o
                0x0000000008001160                test_wait_threads
 .text.chSemSignalI
                0x0000000008001180       0x20 /tmp/cc3NXLSa.ltrans0.ltrans.o
                0x0000000008001180                chSemSignalI
 .text.chSemResetI
                0x00000000080011a0       0x28 /tmp/cc3NXLSa.ltrans0.ltrans.o
                0x00000000080011a0                chSemResetI
 *fill*         0x00000000080011c8        0x8 
 .text.chSemReset
                0x00000000080011d0       0x18 /tmp/cc3NXLSa.ltrans0.ltrans.o
                0x00000000080011d0                chSemReset
 *fill*         0x00000000080011e8        0x8 
 .text.chThdExit
                0x00000000080011f0       0x50 /tmp/cc3NXLSa.ltrans0.ltrans.o
                0x00000000080011f0                chThdExit
 .text.chVTDoResetI
                0x0000000008001240       0x6c /tmp/cc3NXLSa.ltrans0.ltrans.o
                0x0000000008001240                chVTDoResetI
 *fill*         0x00000000080012ac        0x4 
 .text.chVTDoSetI
                0x00000000080012b0       0x78 /tmp/cc3NXLSa.ltrans0.ltrans.o
                0x00000000080012b0                chVTDoSetI
 *fill*         0x0000000008001328        0x8 
 .text.chSchGoSleepTimeoutS
                0x0000000008001330       0x44 /tmp/cc3NXLSa.ltrans0.ltrans.o
                0x0000000008001330                chSchGoSleepTimeoutS
 *fill*         0x0000000008001374        0xc 
 .text.chSemWaitTimeoutS
                0x0000000008001380       0x3c /tmp/cc3NXLSa.ltrans0.ltrans.o
                0x0000000008001380                chSemWaitTimeoutS
 *fill*         0x00000000080013bc        0x4 
 .text.chThdEnqueueTimeoutS
                0x00000000080013c0       0x28 /tmp/cc3NXLSa.ltrans0.ltrans.o
 *fill*         0x00000000080013e8        0x8 
 .text.oqWriteTimeout
                0x00000000080013f0       0xac /tmp/cc3NXLSa.ltrans0.ltrans.o
 *fill*         0x000000000800149c        0x4 
 .text._writet.lto_priv.86
                0x00000000080014a0        0x8 /tmp/cc3NXLSa.ltrans0.ltrans.o
                0x00000000080014a0                _writet.lto_priv.86
 *fill*         0x00000000080014a8        0x8 
 .text._write.lto_priv.80
                0x00000000080014b0        0xc /tmp/cc3NXLSa.ltrans0.ltrans.o
                0x00000000080014b0                _write.lto_priv.80
 *fill*         0x00000000080014bc        0x4 
 .text.oqPutTimeout
                0x00000000080014c0       0x54 /tmp/cc3NXLSa.ltrans0.ltrans.o
 *fill*         0x0000000008001514        0xc 
 .text._putt.lto_priv.84
                0x0000000008001520        0x8 /tmp/cc3NXLSa.ltrans0.ltrans.o
                0x0000000008001520                _putt.lto_priv.84
 *fill*         0x0000000008001528        0x8 
 .text._put.lto_priv.82
                0x0000000008001530        0xc /tmp/cc3NXLSa.ltrans0.ltrans.o
                0x0000000008001530                _put.lto_priv.82
 *fill*         0x000000000800153c        0x4 
 .text.iqReadTimeout
                0x0000000008001540       0xac /tmp/cc3NXLSa.ltrans0.ltrans.o
 *fill*         0x00000000080015ec        0x4 
 .text._readt.lto_priv.87
                0x00000000080015f0        0x8 /tmp/cc3NXLSa.ltrans0.ltrans.o
                0x00000000080015f0                _readt.lto_priv.87
 *fill*         0x00000000080015f8        0x8 
 .text._read.lto_priv.81
                0x0000000008001600        0xc /tmp/cc3NXLSa.ltrans0.ltrans.o
                0x0000000008001600                _read.lto_priv.81
 *fill*         0x000000000800160c        0x4 
 .text.iqGetTimeout
                0x0000000008001610       0x54 /tmp/cc3NXLSa.ltrans0.ltrans.o
 *fill*         0x0000000008001664        0xc 
 .text._gett.lto_priv.85
                0x0000000008001670        0x8 /tmp/cc3NXLSa.ltrans0.ltrans.o
                0x0000000008001670                _gett.lto_priv.85
 *fill*         0x0000000008001678        0x8 
 .text._get.lto_priv.83
                0x0000000008001680        0xc /tmp/cc3NXLSa.ltrans0.ltrans.o
                0x0000000008001680                _get.lto_priv.83
 *fill*         0x000000000800168c        0x4 
 .text.chThdSleep
                0x0000000008001690       0x18 /tmp/cc3NXLSa.ltrans0.ltrans.o
                0x0000000008001690                chThdSleep
 *fill*         0x00000000080016a8        0x8 
 .text.chSysRestoreStatusX.part.2
                0x00000000080016b0       0x20 /tmp/cc3NXLSa.ltrans0.ltrans.o
                0x00000000080016b0                chSysRestoreStatusX.part.2
 .text.chSysGetStatusAndLockX.part.1
                0x00000000080016d0        0xc /tmp/cc3NXLSa.ltrans0.ltrans.o
                0x00000000080016d0                chSysGetStatusAndLockX.part.1
 *fill*         0x00000000080016dc        0x4 
 .text.chSysIntegrityCheckI
                0x00000000080016e0       0xbc /tmp/cc3NXLSa.ltrans0.ltrans.o
                0x00000000080016e0                chSysIntegrityCheckI
 *fill*         0x000000000800179c        0x4 
 .text.__init_ram_areas
                0x00000000080017a0       0x60 /tmp/cc3NXLSa.ltrans0.ltrans.o
                0x00000000080017a0                __init_ram_areas
 .text.__default_exit
                0x0000000008001800        0x4 /tmp/cc3NXLSa.ltrans0.ltrans.o
                0x0000000008001800                __default_exit
 *fill*         0x0000000008001804        0xc 
 .text.__late_init
                0x0000000008001810        0x4 /tmp/cc3NXLSa.ltrans0.ltrans.o
                0x0000000008001810                __late_init
 *fill*         0x0000000008001814        0xc 
 .text.__core_init
                0x0000000008001820        0x4 /tmp/cc3NXLSa.ltrans0.ltrans.o
                0x0000000008001820                __core_init
 *fill*         0x0000000008001824        0xc 
 .text.test_009_001_setup.lto_priv.148
                0x0000000008001830       0x14 /tmp/cc3NXLSa.ltrans1.ltrans.o
                0x0000000008001830                test_009_001_setup.lto_priv.148
 *fill*         0x0000000008001844        0xc 
 .text.null_provider.lto_priv.170
                0x0000000008001850        0x4 /tmp/cc3NXLSa.ltrans1.ltrans.o
                0x0000000008001850                null_provider.lto_priv.170
 *fill*         0x0000000008001854        0xc 
 .text.test_008_003_setup.lto_priv.145
                0x0000000008001860       0x38 /tmp/cc3NXLSa.ltrans1.ltrans.o
                0x0000000008001860                test_008_003_setup.lto_priv.145
 *fill*         0x0000000008001898        0x8 
 .text.test_008_002_setup
                0x00000000080018a0        0x4 /tmp/cc3NXLSa.ltrans1.ltrans.o
                0x00000000080018a0                test_008_002_setup.lto_priv.142
 *fill*         0x00000000080018a4        0xc 
 .text.test_008_001_setup
                0x00000000080018b0        0x4 /tmp/cc3NXLSa.ltrans1.ltrans.o
                0x00000000080018b0                test_008_001_setup.lto_priv.139
 *fill*         0x00000000080018b4        0xc 
 .text.test_008_003_teardown.lto_priv.146
                0x00000000080018c0        0x4 /tmp/cc3NXLSa.ltrans1.ltrans.o
                0x00000000080018c0                test_008_003_teardown.lto_priv.146
 *fill*         0x00000000080018c4        0xc 
 .text.test_008_002_teardown
                0x00000000080018d0        0x4 /tmp/cc3NXLSa.ltrans1.ltrans.o
                0x00000000080018d0                test_008_002_teardown.lto_priv.143
 *fill*         0x00000000080018d4        0xc 
 .text.test_008_001_teardown
                0x00000000080018e0        0x4 /tmp/cc3NXLSa.ltrans1.ltrans.o
                0x00000000080018e0                test_008_001_teardown.lto_priv.140
 *fill*         0x00000000080018e4        0xc 
 .text.test_008_003_execute.lto_priv.147
                0x00000000080018f0      0x174 /tmp/cc3NXLSa.ltrans1.ltrans.o
                0x00000000080018f0                test_008_003_execute.lto_priv.147
 *fill*         0x0000000008001a64        0xc 
 .text.test_008_002_execute.lto_priv.144
                0x0000000008001a70      0x324 /tmp/cc3NXLSa.ltrans1.ltrans.o
                0x0000000008001a70                test_008_002_execute.lto_priv.144
 *fill*         0x0000000008001d94        0xc 
 .text.test_008_001_execute.lto_priv.141
                0x0000000008001da0      0x290 /tmp/cc3NXLSa.ltrans1.ltrans.o
                0x0000000008001da0                test_008_001_execute.lto_priv.141
 .text.test_007_007_setup.lto_priv.137
                0x0000000008002030       0x18 /tmp/cc3NXLSa.ltrans1.ltrans.o
                0x0000000008002030                test_007_007_setup.lto_priv.137
 *fill*         0x0000000008002048        0x8 
 .text.test_007_006_setup.lto_priv.135
                0x0000000008002050        0x4 /tmp/cc3NXLSa.ltrans1.ltrans.o
                0x0000000008002050                test_007_006_setup.lto_priv.135
 *fill*         0x0000000008002054        0xc 
 .text.test_007_005_setup
                0x0000000008002060        0x4 /tmp/cc3NXLSa.ltrans1.ltrans.o
                0x0000000008002060                test_007_005_setup.lto_priv.133
 *fill*         0x0000000008002064        0xc 
 .text.test_007_007_execute.lto_priv.138
                0x0000000008002070      0x120 /tmp/cc3NXLSa.ltrans1.ltrans.o
                0x0000000008002070                test_007_007_execute.lto_priv.138
 .text.test_007_006_execute.lto_priv.136
                0x0000000008002190      0x16c /tmp/cc3NXLSa.ltrans1.ltrans.o
                0x0000000008002190                test_007_006_execute.lto_priv.136
 *fill*         0x00000000080022fc        0x4 
 .text.test_007_005_execute.lto_priv.134
                0x0000000008002300       0xd0 /tmp/cc3NXLSa.ltrans1.ltrans.o
                0x0000000008002300                test_007_005_execute.lto_priv.134
 .text.test_007_004_execute.lto_priv.132
                0x00000000080023d0       0xc8 /tmp/cc3NXLSa.ltrans1.ltrans.o
                0x00000000080023d0                test_007_004_execute.lto_priv.132
 *fill*         0x0000000008002498        0x8 
 .text.test_005_009_setup.lto_priv.123
                0x00000000080024a0       0x28 /tmp/cc3NXLSa.ltrans2.ltrans.o
                0x00000000080024a0                test_005_009_setup.lto_priv.123
 *fill*         0x00000000080024c8        0x8 
 .text.test_005_008_setup.lto_priv.121
                0x00000000080024d0       0x1c /tmp/cc3NXLSa.ltrans2.ltrans.o
                0x00000000080024d0                test_005_008_setup.lto_priv.121
 *fill*         0x00000000080024ec        0x4 
 .text.test_005_007_setup
                0x00000000080024f0        0x4 /tmp/cc3NXLSa.ltrans2.ltrans.o
                0x00000000080024f0                test_005_007_setup.lto_priv.119
 *fill*         0x00000000080024f4        0xc 
 .text.test_005_005_setup.lto_priv.117
                0x0000000008002500       0x10 /tmp/cc3NXLSa.ltrans2.ltrans.o
                0x0000000008002500                test_005_005_setup.lto_priv.117
 .text.test_005_004_setup.lto_priv.114
                0x0000000008002510       0x1c /tmp/cc3NXLSa.ltrans2.ltrans.o
                0x0000000008002510                test_005_004_setup.lto_priv.114
 *fill*         0x000000000800252c        0x4 
 .text.test_005_001_setup
                0x0000000008002530        0x4 /tmp/cc3NXLSa.ltrans2.ltrans.o
                0x0000000008002530                test_005_001_setup.lto_priv.112
 *fill*         0x0000000008002534        0xc 
 .text.test_007_004_setup
                0x0000000008002540        0x4 /tmp/cc3NXLSa.ltrans2.ltrans.o
                0x0000000008002540                test_007_004_setup.lto_priv.131
 *fill*         0x0000000008002544        0xc 
 .text.test_007_003_setup
                0x0000000008002550        0x4 /tmp/cc3NXLSa.ltrans2.ltrans.o
                0x0000000008002550                test_007_003_setup.lto_priv.129
 *fill*         0x0000000008002554        0xc 
 .text.test_007_002_setup
                0x0000000008002560        0x4 /tmp/cc3NXLSa.ltrans2.ltrans.o
                0x0000000008002560                test_007_002_setup.lto_priv.127
 *fill*         0x0000000008002564        0xc 
 .text.test_007_003_execute.lto_priv.130
                0x0000000008002570       0xf8 /tmp/cc3NXLSa.ltrans2.ltrans.o
                0x0000000008002570                test_007_003_execute.lto_priv.130
 *fill*         0x0000000008002668        0x8 
 .text.test_004_006_teardown.lto_priv.110
                0x0000000008002670        0x4 /tmp/cc3NXLSa.ltrans2.ltrans.o
                0x0000000008002670                test_004_006_teardown.lto_priv.110
 *fill*         0x0000000008002674        0xc 
 .text.test_005_004_teardown
                0x0000000008002680        0x4 /tmp/cc3NXLSa.ltrans2.ltrans.o
                0x0000000008002680                test_005_004_teardown.lto_priv.115
 *fill*         0x0000000008002684        0xc 
 .text.test_007_002_execute.lto_priv.128
                0x0000000008002690       0x54 /tmp/cc3NXLSa.ltrans2.ltrans.o
                0x0000000008002690                test_007_002_execute.lto_priv.128
 *fill*         0x00000000080026e4        0xc 
 .text.test_007_001_execute.lto_priv.126
                0x00000000080026f0       0xf4 /tmp/cc3NXLSa.ltrans2.ltrans.o
                0x00000000080026f0                test_007_001_execute.lto_priv.126
 *fill*         0x00000000080027e4        0xc 
 .text.evt_thread7.lto_priv.174
                0x00000000080027f0       0x40 /tmp/cc3NXLSa.ltrans2.ltrans.o
                0x00000000080027f0                evt_thread7.lto_priv.174
 .text.evt_thread3.lto_priv.175
                0x0000000008002830       0x28 /tmp/cc3NXLSa.ltrans2.ltrans.o
                0x0000000008002830                evt_thread3.lto_priv.175
 *fill*         0x0000000008002858        0x8 
 .text.h3       0x0000000008002860        0x8 /tmp/cc3NXLSa.ltrans2.ltrans.o
 *fill*         0x0000000008002868        0x8 
 .text.h2       0x0000000008002870        0x8 /tmp/cc3NXLSa.ltrans2.ltrans.o
 *fill*         0x0000000008002878        0x8 
 .text.h1       0x0000000008002880        0x8 /tmp/cc3NXLSa.ltrans2.ltrans.o
 *fill*         0x0000000008002888        0x8 
 .text.msg_thread1
                0x0000000008002890       0x28 /tmp/cc3NXLSa.ltrans2.ltrans.o
 *fill*         0x00000000080028b8        0x8 
 .text.test_006_001_execute.lto_priv.125
                0x00000000080028c0       0x70 /tmp/cc3NXLSa.ltrans2.ltrans.o
                0x00000000080028c0                test_006_001_execute.lto_priv.125
 .text.test_005_009_execute.lto_priv.124
                0x0000000008002930       0xa4 /tmp/cc3NXLSa.ltrans2.ltrans.o
                0x0000000008002930                test_005_009_execute.lto_priv.124
 *fill*         0x00000000080029d4        0xc 
 .text.thread9  0x00000000080029e0       0x20 /tmp/cc3NXLSa.ltrans2.ltrans.o
 .text.test_005_004_execute.lto_priv.116
                0x0000000008002a00      0x138 /tmp/cc3NXLSa.ltrans2.ltrans.o
                0x0000000008002a00                test_005_004_execute.lto_priv.116
 *fill*         0x0000000008002b38        0x8 
 .text.thread4A
                0x0000000008002b40       0x20 /tmp/cc3NXLSa.ltrans2.ltrans.o
 .text.test_005_001_execute.lto_priv.113
                0x0000000008002b60       0xdc /tmp/cc3NXLSa.ltrans2.ltrans.o
                0x0000000008002b60                test_005_001_execute.lto_priv.113
 *fill*         0x0000000008002c3c        0x4 
 .text.thread1  0x0000000008002c40       0x20 /tmp/cc3NXLSa.ltrans2.ltrans.o
 .text.test_005_008_execute.lto_priv.122
                0x0000000008002c60       0xe0 /tmp/cc3NXLSa.ltrans2.ltrans.o
                0x0000000008002c60                test_005_008_execute.lto_priv.122
 .text.test_005_007_execute.lto_priv.120
                0x0000000008002d40       0xd4 /tmp/cc3NXLSa.ltrans2.ltrans.o
                0x0000000008002d40                test_005_007_execute.lto_priv.120
 *fill*         0x0000000008002e14        0xc 
 .text.test_005_005_execute.lto_priv.118
                0x0000000008002e20      0x160 /tmp/cc3NXLSa.ltrans2.ltrans.o
                0x0000000008002e20                test_005_005_execute.lto_priv.118
 .text.thread4B
                0x0000000008002f80       0x30 /tmp/cc3NXLSa.ltrans2.ltrans.o
 .text.thread8  0x0000000008002fb0       0x84 /tmp/cc3NXLSa.ltrans2.ltrans.o
 *fill*         0x0000000008003034        0xc 
 .text.thread6  0x0000000008003040       0x6c /tmp/cc3NXLSa.ltrans2.ltrans.o
 *fill*         0x00000000080030ac        0x4 
 .text.test_004_006_execute.lto_priv.111
                0x00000000080030b0      0x1b0 /tmp/cc3NXLSa.ltrans2.ltrans.o
                0x00000000080030b0                test_004_006_execute.lto_priv.111
 .text.test_004_005_setup.lto_priv.107
                0x0000000008003260       0x10 /tmp/cc3NXLSa.ltrans3.ltrans.o
                0x0000000008003260                test_004_005_setup.lto_priv.107
 .text.test_004_004_setup
                0x0000000008003270        0x4 /tmp/cc3NXLSa.ltrans3.ltrans.o
                0x0000000008003270                test_004_004_setup.lto_priv.105
 *fill*         0x0000000008003274        0xc 
 .text.test_004_003_setup
                0x0000000008003280        0x4 /tmp/cc3NXLSa.ltrans3.ltrans.o
                0x0000000008003280                test_004_003_setup.lto_priv.103
 *fill*         0x0000000008003284        0xc 
 .text.test_004_002_setup
                0x0000000008003290        0x4 /tmp/cc3NXLSa.ltrans3.ltrans.o
                0x0000000008003290                test_004_002_setup.lto_priv.101
 *fill*         0x0000000008003294        0xc 
 .text.test_004_001_setup.lto_priv.98
                0x00000000080032a0       0x10 /tmp/cc3NXLSa.ltrans3.ltrans.o
                0x00000000080032a0                test_004_001_setup.lto_priv.98
 .text.test_003_001_setup.lto_priv.96
                0x00000000080032b0        0xc /tmp/cc3NXLSa.ltrans3.ltrans.o
                0x00000000080032b0                test_003_001_setup.lto_priv.96
 *fill*         0x00000000080032bc        0x4 
 .text.test_001_004_execute.lto_priv.91
                0x00000000080032c0       0x18 /tmp/cc3NXLSa.ltrans3.ltrans.o
                0x00000000080032c0                test_001_004_execute.lto_priv.91
 *fill*         0x00000000080032d8        0x8 
 .text.test_001_003_execute.lto_priv.90
                0x00000000080032e0       0x24 /tmp/cc3NXLSa.ltrans3.ltrans.o
                0x00000000080032e0                test_001_003_execute.lto_priv.90
 *fill*         0x0000000008003304        0xc 
 .text.test_004_005_execute.lto_priv.109
                0x0000000008003310       0x9c /tmp/cc3NXLSa.ltrans3.ltrans.o
                0x0000000008003310                test_004_005_execute.lto_priv.109
 *fill*         0x00000000080033ac        0x4 
 .text.thread3  0x00000000080033b0       0x18 /tmp/cc3NXLSa.ltrans3.ltrans.o
 *fill*         0x00000000080033c8        0x8 
 .text.test_004_005_teardown
                0x00000000080033d0        0x4 /tmp/cc3NXLSa.ltrans3.ltrans.o
                0x00000000080033d0                test_004_005_teardown.lto_priv.108
 *fill*         0x00000000080033d4        0xc 
 .text.thread1.lto_priv.184
                0x00000000080033e0       0x18 /tmp/cc3NXLSa.ltrans3.ltrans.o
 *fill*         0x00000000080033f8        0x8 
 .text.thread.lto_priv.171
                0x0000000008003400        0x8 /tmp/cc3NXLSa.ltrans3.ltrans.o
                0x0000000008003400                thread.lto_priv.171
 *fill*         0x0000000008003408        0x8 
 .text.test_004_002_execute.lto_priv.102
                0x0000000008003410       0xf0 /tmp/cc3NXLSa.ltrans3.ltrans.o
                0x0000000008003410                test_004_002_execute.lto_priv.102
 .text.test_002_002_execute.lto_priv.93
                0x0000000008003500      0x194 /tmp/cc3NXLSa.ltrans3.ltrans.o
                0x0000000008003500                test_002_002_execute.lto_priv.93
 *fill*         0x0000000008003694        0xc 
 .text.test_004_004_execute.lto_priv.106
                0x00000000080036a0       0xb4 /tmp/cc3NXLSa.ltrans3.ltrans.o
                0x00000000080036a0                test_004_004_execute.lto_priv.106
 *fill*         0x0000000008003754        0xc 
 .text.thread1.lto_priv.183
                0x0000000008003760       0x34 /tmp/cc3NXLSa.ltrans3.ltrans.o
 *fill*         0x0000000008003794        0xc 
 .text.thread4.lto_priv.181
                0x00000000080037a0       0x2c /tmp/cc3NXLSa.ltrans3.ltrans.o
                0x00000000080037a0                thread4.lto_priv.181
 *fill*         0x00000000080037cc        0x4 
 .text.thread2  0x00000000080037d0       0x28 /tmp/cc3NXLSa.ltrans3.ltrans.o
 *fill*         0x00000000080037f8        0x8 
 .text.test_002_001_execute.lto_priv.92
                0x0000000008003800       0xb4 /tmp/cc3NXLSa.ltrans3.ltrans.o
                0x0000000008003800                test_002_001_execute.lto_priv.92
 *fill*         0x00000000080038b4        0xc 
 .text.test_004_001_execute.lto_priv.100
                0x00000000080038c0       0xc4 /tmp/cc3NXLSa.ltrans3.ltrans.o
                0x00000000080038c0                test_004_001_execute.lto_priv.100
 *fill*         0x0000000008003984        0xc 
 .text.test_004_001_teardown.lto_priv.99
                0x0000000008003990        0xc /tmp/cc3NXLSa.ltrans3.ltrans.o
                0x0000000008003990                test_004_001_teardown.lto_priv.99
 *fill*         0x000000000800399c        0x4 
 .text.test_003_001_execute.lto_priv.97
                0x00000000080039a0       0xec /tmp/cc3NXLSa.ltrans3.ltrans.o
                0x00000000080039a0                test_003_001_execute.lto_priv.97
 *fill*         0x0000000008003a8c        0x4 
 .text.test_002_004_execute.lto_priv.95
                0x0000000008003a90       0xdc /tmp/cc3NXLSa.ltrans3.ltrans.o
                0x0000000008003a90                test_002_004_execute.lto_priv.95
 *fill*         0x0000000008003b6c        0x4 
 .text.test_002_003_execute.lto_priv.94
                0x0000000008003b70       0x88 /tmp/cc3NXLSa.ltrans3.ltrans.o
                0x0000000008003b70                test_002_003_execute.lto_priv.94
 *fill*         0x0000000008003bf8        0x8 
 .text.test_001_002_execute.lto_priv.89
                0x0000000008003c00       0xd4 /tmp/cc3NXLSa.ltrans3.ltrans.o
                0x0000000008003c00                test_001_002_execute.lto_priv.89
 *fill*         0x0000000008003cd4        0xc 
 .text.vtcb     0x0000000008003ce0       0x28 /tmp/cc3NXLSa.ltrans3.ltrans.o
 *fill*         0x0000000008003d08        0x8 
 .text.test_001_001_execute.lto_priv.88
                0x0000000008003d10       0xa8 /tmp/cc3NXLSa.ltrans3.ltrans.o
                0x0000000008003d10                test_001_001_execute.lto_priv.88
 *fill*         0x0000000008003db8        0x8 
 .text.test_wait_tick
                0x0000000008003dc0       0x1c /tmp/cc3NXLSa.ltrans3.ltrans.o
                0x0000000008003dc0                test_wait_tick
 *fill*         0x0000000008003ddc        0x4 
 .text.test_004_003_execute.lto_priv.104
                0x0000000008003de0      0x160 /tmp/cc3NXLSa.ltrans3.ltrans.o
                0x0000000008003de0                test_004_003_execute.lto_priv.104
 .text.test_012_011_setup
                0x0000000008003f40       0x10 /tmp/cc3NXLSa.ltrans4.ltrans.o
 .text.test_012_010_setup
                0x0000000008003f50       0x10 /tmp/cc3NXLSa.ltrans4.ltrans.o
 .text.test_012_007_setup
                0x0000000008003f60       0x10 /tmp/cc3NXLSa.ltrans4.ltrans.o
 .text.Thread1  0x0000000008003f70       0x34 /tmp/cc3NXLSa.ltrans4.ltrans.o
 *fill*         0x0000000008003fa4        0xc 
 .text.test_012_012_execute
                0x0000000008003fb0       0xfc /tmp/cc3NXLSa.ltrans4.ltrans.o
 *fill*         0x00000000080040ac        0x4 
 .text.test_012_011_execute
                0x00000000080040b0       0x8c /tmp/cc3NXLSa.ltrans4.ltrans.o
 *fill*         0x000000000800413c        0x4 
 .text.test_012_010_execute
                0x0000000008004140       0x8c /tmp/cc3NXLSa.ltrans4.ltrans.o
 *fill*         0x00000000080041cc        0x4 
 .text.test_012_009_execute
                0x00000000080041d0       0x9c /tmp/cc3NXLSa.ltrans4.ltrans.o
 *fill*         0x000000000800426c        0x4 
 .text.test_012_004_execute
                0x0000000008004270       0xcc /tmp/cc3NXLSa.ltrans4.ltrans.o
 *fill*         0x000000000800433c        0x4 
 .text.test_012_008_execute
                0x0000000008004340       0xe4 /tmp/cc3NXLSa.ltrans4.ltrans.o
 *fill*         0x0000000008004424        0xc 
 .text.test_012_007_execute
                0x0000000008004430      0x110 /tmp/cc3NXLSa.ltrans4.ltrans.o
 .text.test_012_006_execute
                0x0000000008004540       0x7c /tmp/cc3NXLSa.ltrans4.ltrans.o
 *fill*         0x00000000080045bc        0x4 
 .text.test_012_005_execute
                0x00000000080045c0       0x7c /tmp/cc3NXLSa.ltrans4.ltrans.o
 *fill*         0x000000000800463c        0x4 
 .text.startup.main
                0x0000000008004640      0x750 /tmp/cc3NXLSa.ltrans4.ltrans.o
                0x0000000008004640                main
 .text.tmo.lto_priv.74
                0x0000000008004d90        0x4 /tmp/cc3NXLSa.ltrans5.ltrans.o
                0x0000000008004d90                tmo.lto_priv.74
 *fill*         0x0000000008004d94        0xc 
 .text.test_011_002_setup.lto_priv.159
                0x0000000008004da0       0x14 /tmp/cc3NXLSa.ltrans5.ltrans.o
                0x0000000008004da0                test_011_002_setup.lto_priv.159
 *fill*         0x0000000008004db4        0xc 
 .text.test_011_001_setup.lto_priv.157
                0x0000000008004dc0       0x2c /tmp/cc3NXLSa.ltrans5.ltrans.o
                0x0000000008004dc0                test_011_001_setup.lto_priv.157
 *fill*         0x0000000008004dec        0x4 
 .text.test_010_001_setup.lto_priv.154
                0x0000000008004df0       0x2c /tmp/cc3NXLSa.ltrans5.ltrans.o
                0x0000000008004df0                test_010_001_setup.lto_priv.154
 *fill*         0x0000000008004e1c        0x4 
 .text.test_009_003_setup.lto_priv.152
                0x0000000008004e20       0x18 /tmp/cc3NXLSa.ltrans5.ltrans.o
                0x0000000008004e20                test_009_003_setup.lto_priv.152
 *fill*         0x0000000008004e38        0x8 
 .text.test_009_002_setup
                0x0000000008004e40        0x4 /tmp/cc3NXLSa.ltrans5.ltrans.o
                0x0000000008004e40                test_009_002_setup.lto_priv.150
 *fill*         0x0000000008004e44        0xc 
 .text.bmk_thread8.lto_priv.75
                0x0000000008004e50       0x2c /tmp/cc3NXLSa.ltrans5.ltrans.o
                0x0000000008004e50                bmk_thread8.lto_priv.75
 *fill*         0x0000000008004e7c        0x4 
 .text.bmk_thread7.lto_priv.76
                0x0000000008004e80       0x2c /tmp/cc3NXLSa.ltrans5.ltrans.o
                0x0000000008004e80                bmk_thread7.lto_priv.76
 *fill*         0x0000000008004eac        0x4 
 .text.bmk_thread4.lto_priv.78
                0x0000000008004eb0       0x24 /tmp/cc3NXLSa.ltrans5.ltrans.o
                0x0000000008004eb0                bmk_thread4.lto_priv.78
 *fill*         0x0000000008004ed4        0xc 
 .text.msg_loop_test
                0x0000000008004ee0       0x3c /tmp/cc3NXLSa.ltrans5.ltrans.o
 *fill*         0x0000000008004f1c        0x4 
 .text.test_012_003_execute.lto_priv.163
                0x0000000008004f20       0xdc /tmp/cc3NXLSa.ltrans5.ltrans.o
                0x0000000008004f20                test_012_003_execute.lto_priv.163
 *fill*         0x0000000008004ffc        0x4 
 .text.test_012_002_execute.lto_priv.162
                0x0000000008005000       0x74 /tmp/cc3NXLSa.ltrans5.ltrans.o
                0x0000000008005000                test_012_002_execute.lto_priv.162
 *fill*         0x0000000008005074        0xc 
 .text.test_012_001_execute.lto_priv.161
                0x0000000008005080       0x74 /tmp/cc3NXLSa.ltrans5.ltrans.o
                0x0000000008005080                test_012_001_execute.lto_priv.161
 *fill*         0x00000000080050f4        0xc 
 .text.bmk_thread1
                0x0000000008005100       0x20 /tmp/cc3NXLSa.ltrans5.ltrans.o
 .text.test_009_001_execute.lto_priv.149
                0x0000000008005120      0x10c /tmp/cc3NXLSa.ltrans5.ltrans.o
                0x0000000008005120                test_009_001_execute.lto_priv.149
 *fill*         0x000000000800522c        0x4 
 .text.test_011_002_execute.lto_priv.160
                0x0000000008005230      0x158 /tmp/cc3NXLSa.ltrans5.ltrans.o
                0x0000000008005230                test_011_002_execute.lto_priv.160
 *fill*         0x0000000008005388        0x8 
 .text.dyn_thread1
                0x0000000008005390        0x4 /tmp/cc3NXLSa.ltrans5.ltrans.o
                0x0000000008005390                dyn_thread1.lto_priv.69
 *fill*         0x0000000008005394        0xc 
 .text.test_011_001_execute.lto_priv.158
                0x00000000080053a0      0x14c /tmp/cc3NXLSa.ltrans5.ltrans.o
                0x00000000080053a0                test_011_001_execute.lto_priv.158
 *fill*         0x00000000080054ec        0x4 
 .text.test_010_002_execute.lto_priv.156
                0x00000000080054f0       0x64 /tmp/cc3NXLSa.ltrans5.ltrans.o
                0x00000000080054f0                test_010_002_execute.lto_priv.156
 *fill*         0x0000000008005554        0xc 
 .text.test_010_001_execute.lto_priv.155
                0x0000000008005560      0x330 /tmp/cc3NXLSa.ltrans5.ltrans.o
                0x0000000008005560                test_010_001_execute.lto_priv.155
 .text.test_009_003_execute.lto_priv.153
                0x0000000008005890       0x28 /tmp/cc3NXLSa.ltrans5.ltrans.o
                0x0000000008005890                test_009_003_execute.lto_priv.153
 *fill*         0x00000000080058b8        0x8 
 .text.test_009_002_execute.lto_priv.151
                0x00000000080058c0      0x100 /tmp/cc3NXLSa.ltrans5.ltrans.o
                0x00000000080058c0                test_009_002_execute.lto_priv.151
 .text.bmk_thread3.lto_priv.77
                0x00000000080059c0        0x4 /tmp/cc3NXLSa.ltrans5.ltrans.o
                0x00000000080059c0                bmk_thread3.lto_priv.77
 *fill*         0x00000000080059c4        0xc 
 .text.chTMStartMeasurementX.constprop.66
                0x00000000080059d0        0xc /tmp/cc3NXLSa.ltrans6.ltrans.o
                0x00000000080059d0                chTMStartMeasurementX.constprop.66
 *fill*         0x00000000080059dc        0x4 
 .text.chThdCreateStatic.constprop.65
                0x00000000080059e0       0x94 /tmp/cc3NXLSa.ltrans6.ltrans.o
                0x00000000080059e0                chThdCreateStatic.constprop.65
 *fill*         0x0000000008005a74        0xc 
 .text.chSemWaitTimeout.constprop.61
                0x0000000008005a80       0x50 /tmp/cc3NXLSa.ltrans6.ltrans.o
                0x0000000008005a80                chSemWaitTimeout.constprop.61
 .text.chSemSignalWait.constprop.59
                0x0000000008005ad0       0x68 /tmp/cc3NXLSa.ltrans6.ltrans.o
                0x0000000008005ad0                chSemSignalWait.constprop.59
 *fill*         0x0000000008005b38        0x8 
 .text.chMtxTryLock.constprop.57
                0x0000000008005b40       0x34 /tmp/cc3NXLSa.ltrans6.ltrans.o
                0x0000000008005b40                chMtxTryLock.constprop.57
 *fill*         0x0000000008005b74        0xc 
 .text.chCondSignal.constprop.55
                0x0000000008005b80       0x28 /tmp/cc3NXLSa.ltrans6.ltrans.o
                0x0000000008005b80                chCondSignal.constprop.55
 *fill*         0x0000000008005ba8        0x8 
 .text.chCondSignalI.constprop.54
                0x0000000008005bb0       0x24 /tmp/cc3NXLSa.ltrans6.ltrans.o
                0x0000000008005bb0                chCondSignalI.constprop.54
 *fill*         0x0000000008005bd4        0xc 
 .text.chEvtGetAndClearEvents.constprop.47
                0x0000000008005be0       0x1c /tmp/cc3NXLSa.ltrans6.ltrans.o
                0x0000000008005be0                chEvtGetAndClearEvents.constprop.47
 *fill*         0x0000000008005bfc        0x4 
 .text.chEvtWaitOne.constprop.43
                0x0000000008005c00       0x34 /tmp/cc3NXLSa.ltrans6.ltrans.o
                0x0000000008005c00                chEvtWaitOne.constprop.43
 *fill*         0x0000000008005c34        0xc 
 .text.chEvtWaitAny.constprop.42
                0x0000000008005c40       0x2c /tmp/cc3NXLSa.ltrans6.ltrans.o
                0x0000000008005c40                chEvtWaitAny.constprop.42
 *fill*         0x0000000008005c6c        0x4 
 .text.chEvtWaitAll.constprop.41
                0x0000000008005c70       0x38 /tmp/cc3NXLSa.ltrans6.ltrans.o
                0x0000000008005c70                chEvtWaitAll.constprop.41
 *fill*         0x0000000008005ca8        0x8 
 .text.chHeapAllocAligned.constprop.37
                0x0000000008005cb0       0xf0 /tmp/cc3NXLSa.ltrans6.ltrans.o
                0x0000000008005cb0                chHeapAllocAligned.constprop.37
 .text.chThdCreateFromHeap.constprop.36
                0x0000000008005da0       0x58 /tmp/cc3NXLSa.ltrans6.ltrans.o
                0x0000000008005da0                chThdCreateFromHeap.constprop.36
 *fill*         0x0000000008005df8        0x8 
 .text.chThdCreateFromMemoryPool.constprop.35
                0x0000000008005e00       0x5c /tmp/cc3NXLSa.ltrans6.ltrans.o
                0x0000000008005e00                chThdCreateFromMemoryPool.constprop.35
 *fill*         0x0000000008005e5c        0x4 
 .text.chMBResetI.constprop.30
                0x0000000008005e60       0x2c /tmp/cc3NXLSa.ltrans6.ltrans.o
                0x0000000008005e60                chMBResetI.constprop.30
 *fill*         0x0000000008005e8c        0x4 
 .text.chMBReset.constprop.29
                0x0000000008005e90       0x18 /tmp/cc3NXLSa.ltrans6.ltrans.o
                0x0000000008005e90                chMBReset.constprop.29
 *fill*         0x0000000008005ea8        0x8 
 .text.chMBPost.constprop.28
                0x0000000008005eb0       0x48 /tmp/cc3NXLSa.ltrans6.ltrans.o
                0x0000000008005eb0                chMBPost.constprop.28
 *fill*         0x0000000008005ef8        0x8 
 .text.chMBPostAhead.constprop.26
                0x0000000008005f00       0x54 /tmp/cc3NXLSa.ltrans6.ltrans.o
                0x0000000008005f00                chMBPostAhead.constprop.26
 *fill*         0x0000000008005f54        0xc 
 .text.chMBFetch.constprop.24
                0x0000000008005f60       0x48 /tmp/cc3NXLSa.ltrans6.ltrans.o
                0x0000000008005f60                chMBFetch.constprop.24
 *fill*         0x0000000008005fa8        0x8 
 .text.chGuardedPoolAllocTimeout.constprop.17
                0x0000000008005fb0       0x48 /tmp/cc3NXLSa.ltrans6.ltrans.o
                0x0000000008005fb0                chGuardedPoolAllocTimeout.constprop.17
 *fill*         0x0000000008005ff8        0x8 
 .text._pal_lld_setgroupmode.constprop.5
                0x0000000008006000       0x8c /tmp/cc3NXLSa.ltrans6.ltrans.o
                0x0000000008006000                _pal_lld_setgroupmode.constprop.5
 *fill*         0x000000000800608c        0x4 
 .text._test_assert_time_window.constprop.2
                0x0000000008006090       0x34 /tmp/cc3NXLSa.ltrans6.ltrans.o
                0x0000000008006090                _test_assert_time_window.constprop.2
 *(.glue_7t)
 .glue_7t       0x00000000080060c4        0x0 linker stubs
 *(.glue_7)
 .glue_7        0x00000000080060c4        0x0 linker stubs
 *(.gcc*)

.vfp11_veneer   0x00000000080060c4        0x0
 .vfp11_veneer  0x00000000080060c4        0x0 linker stubs

.v4_bx          0x00000000080060c4        0x0
 .v4_bx         0x00000000080060c4        0x0 linker stubs

.iplt           0x00000000080060c4        0x0
 .iplt          0x00000000080060c4        0x0 build/obj/crt0_v7m.o

.rodata         0x00000000080060c4     0x1380
                0x00000000080060c4                . = ALIGN (0x4)
                0x00000000080060c4                __rodata_base__ = .
 *(.rodata)
 *(.rodata.*)
 .rodata.ram_areas
                0x00000000080060c4       0x80 /tmp/cc3NXLSa.ltrans0.ltrans.o
 .rodata.test_println.str1.4
                0x0000000008006144        0x3 /tmp/cc3NXLSa.ltrans0.ltrans.o
 *fill*         0x0000000008006147        0x1 
 .rodata.test_007_004_execute.lto_priv.132.str1.4
                0x0000000008006148       0x11 /tmp/cc3NXLSa.ltrans1.ltrans.o
 *fill*         0x0000000008006159        0x3 
 .rodata.test_007_005_execute.lto_priv.134.str1.4
                0x000000000800615c       0x2a /tmp/cc3NXLSa.ltrans1.ltrans.o
 *fill*         0x0000000008006186        0x2 
 .rodata.test_007_006_execute.lto_priv.136.str1.4
                0x0000000008006188        0xf /tmp/cc3NXLSa.ltrans1.ltrans.o
 *fill*         0x0000000008006197        0x1 
 .rodata.test_007_007_execute.lto_priv.138.str1.4
                0x0000000008006198       0x1f /tmp/cc3NXLSa.ltrans1.ltrans.o
 *fill*         0x00000000080061b7        0x1 
 .rodata.test_008_002_execute.lto_priv.144.str1.4
                0x00000000080061b8       0xb5 /tmp/cc3NXLSa.ltrans1.ltrans.o
 *fill*         0x000000000800626d        0x3 
 .rodata.test_008_003_execute.lto_priv.147.str1.4
                0x0000000008006270       0x16 /tmp/cc3NXLSa.ltrans1.ltrans.o
 *fill*         0x0000000008006286        0x2 
 .rodata.evhndl
                0x0000000008006288        0xc /tmp/cc3NXLSa.ltrans2.ltrans.o
 .rodata.test_004_006_execute.lto_priv.111.str1.4
                0x0000000008006294       0x3f /tmp/cc3NXLSa.ltrans2.ltrans.o
                                         0x46 (size before relaxing)
 *fill*         0x00000000080062d3        0x1 
 .rodata.test_005_001_execute.lto_priv.113.str1.4
                0x00000000080062d4        0xa /tmp/cc3NXLSa.ltrans2.ltrans.o
                                          0xe (size before relaxing)
 *fill*         0x00000000080062de        0x2 
 .rodata.test_005_004_execute.lto_priv.116.str1.4
                0x00000000080062e0       0x15 /tmp/cc3NXLSa.ltrans2.ltrans.o
 *fill*         0x00000000080062f5        0x3 
 .rodata.test_005_005_execute.lto_priv.118.str1.4
                0x00000000080062f8       0x38 /tmp/cc3NXLSa.ltrans2.ltrans.o
 .rodata.test_005_009_execute.lto_priv.124.str1.4
                0x0000000008006330        0x6 /tmp/cc3NXLSa.ltrans2.ltrans.o
                                          0xa (size before relaxing)
 .rodata.test_006_001_execute.lto_priv.125.str1.4
                0x0000000008006336        0x5 /tmp/cc3NXLSa.ltrans2.ltrans.o
 *fill*         0x0000000008006336        0x2 
 .rodata.test_007_001_execute.lto_priv.126.str1.4
                0x0000000008006338        0xc /tmp/cc3NXLSa.ltrans2.ltrans.o
                                         0x1b (size before relaxing)
 .rodata.test_007_002_execute.lto_priv.128.str1.4
                0x0000000008006344       0x18 /tmp/cc3NXLSa.ltrans2.ltrans.o
 .rodata.test_007_003_execute.lto_priv.130.str1.4
                0x000000000800635c       0x13 /tmp/cc3NXLSa.ltrans2.ltrans.o
                                         0x31 (size before relaxing)
 *fill*         0x000000000800636f        0x1 
 .rodata.test_001_001_execute.lto_priv.88.str1.4
                0x0000000008006370       0x70 /tmp/cc3NXLSa.ltrans3.ltrans.o
 .rodata.test_001_002_execute.lto_priv.89.str1.4
                0x00000000080063e0       0x12 /tmp/cc3NXLSa.ltrans3.ltrans.o
 *fill*         0x00000000080063f2        0x2 
 .rodata.test_002_004_execute.lto_priv.95.str1.4
                0x00000000080063f4       0x87 /tmp/cc3NXLSa.ltrans3.ltrans.o
 *fill*         0x000000000800647b        0x1 
 .rodata.test_003_001_execute.lto_priv.97.str1.4
                0x000000000800647c        0x9 /tmp/cc3NXLSa.ltrans3.ltrans.o
 *fill*         0x0000000008006485        0x3 
 .rodata.test_004_001_execute.lto_priv.100.str1.4
                0x0000000008006488       0x2b /tmp/cc3NXLSa.ltrans3.ltrans.o
 .rodata.test_004_002_execute.lto_priv.102.str1.4
                0x00000000080064b3       0x2e /tmp/cc3NXLSa.ltrans3.ltrans.o
 .rodata.test_004_003_execute.lto_priv.104.str1.4
                0x00000000080064b3       0x16 /tmp/cc3NXLSa.ltrans3.ltrans.o
 *fill*         0x00000000080064b3        0x1 
 .rodata.test_004_004_execute.lto_priv.106.str1.4
                0x00000000080064b4       0x10 /tmp/cc3NXLSa.ltrans3.ltrans.o
 .rodata.test_004_005_execute.lto_priv.109.str1.4
                0x00000000080064c4       0x11 /tmp/cc3NXLSa.ltrans3.ltrans.o
                                         0x21 (size before relaxing)
 *fill*         0x00000000080064d5        0x3 
 .rodata.Thread1.str1.4
                0x00000000080064d8        0x8 /tmp/cc3NXLSa.ltrans4.ltrans.o
 .rodata.ch_debug
                0x00000000080064e0       0x16 /tmp/cc3NXLSa.ltrans4.ltrans.o
 *fill*         0x00000000080064f6        0x2 
 .rodata.idle_descriptor.6592
                0x00000000080064f8       0x18 /tmp/cc3NXLSa.ltrans4.ltrans.o
 .rodata.main.str1.4
                0x0000000008006510      0x130 /tmp/cc3NXLSa.ltrans4.ltrans.o
                                        0x13c (size before relaxing)
 .rodata.str1.4
                0x0000000008006640      0x6ad /tmp/cc3NXLSa.ltrans4.ltrans.o
 *fill*         0x0000000008006ced        0x3 
 .rodata.test_001_001
                0x0000000008006cf0       0x10 /tmp/cc3NXLSa.ltrans4.ltrans.o
 .rodata.test_001_002
                0x0000000008006d00       0x10 /tmp/cc3NXLSa.ltrans4.ltrans.o
 .rodata.test_001_003
                0x0000000008006d10       0x10 /tmp/cc3NXLSa.ltrans4.ltrans.o
 .rodata.test_001_004
                0x0000000008006d20       0x10 /tmp/cc3NXLSa.ltrans4.ltrans.o
 .rodata.test_002_001
                0x0000000008006d30       0x10 /tmp/cc3NXLSa.ltrans4.ltrans.o
 .rodata.test_002_002
                0x0000000008006d40       0x10 /tmp/cc3NXLSa.ltrans4.ltrans.o
 .rodata.test_002_003
                0x0000000008006d50       0x10 /tmp/cc3NXLSa.ltrans4.ltrans.o
 .rodata.test_002_004
                0x0000000008006d60       0x10 /tmp/cc3NXLSa.ltrans4.ltrans.o
 .rodata.test_003_001
                0x0000000008006d70       0x10 /tmp/cc3NXLSa.ltrans4.ltrans.o
 .rodata.test_004_001
                0x0000000008006d80       0x10 /tmp/cc3NXLSa.ltrans4.ltrans.o
 .rodata.test_004_002
                0x0000000008006d90       0x10 /tmp/cc3NXLSa.ltrans4.ltrans.o
 .rodata.test_004_003
                0x0000000008006da0       0x10 /tmp/cc3NXLSa.ltrans4.ltrans.o
 .rodata.test_004_004
                0x0000000008006db0       0x10 /tmp/cc3NXLSa.ltrans4.ltrans.o
 .rodata.test_004_005
                0x0000000008006dc0       0x10 /tmp/cc3NXLSa.ltrans4.ltrans.o
 .rodata.test_004_006
                0x0000000008006dd0       0x10 /tmp/cc3NXLSa.ltrans4.ltrans.o
 .rodata.test_005_001
                0x0000000008006de0       0x10 /tmp/cc3NXLSa.ltrans4.ltrans.o
 .rodata.test_005_004
                0x0000000008006df0       0x10 /tmp/cc3NXLSa.ltrans4.ltrans.o
 .rodata.test_005_005
                0x0000000008006e00       0x10 /tmp/cc3NXLSa.ltrans4.ltrans.o
 .rodata.test_005_007
                0x0000000008006e10       0x10 /tmp/cc3NXLSa.ltrans4.ltrans.o
 .rodata.test_005_008
                0x0000000008006e20       0x10 /tmp/cc3NXLSa.ltrans4.ltrans.o
 .rodata.test_005_009
                0x0000000008006e30       0x10 /tmp/cc3NXLSa.ltrans4.ltrans.o
 .rodata.test_006_001
                0x0000000008006e40       0x10 /tmp/cc3NXLSa.ltrans4.ltrans.o
 .rodata.test_007_001
                0x0000000008006e50       0x10 /tmp/cc3NXLSa.ltrans4.ltrans.o
 .rodata.test_007_002
                0x0000000008006e60       0x10 /tmp/cc3NXLSa.ltrans4.ltrans.o
 .rodata.test_007_003
                0x0000000008006e70       0x10 /tmp/cc3NXLSa.ltrans4.ltrans.o
 .rodata.test_007_004
                0x0000000008006e80       0x10 /tmp/cc3NXLSa.ltrans4.ltrans.o
 .rodata.test_007_005
                0x0000000008006e90       0x10 /tmp/cc3NXLSa.ltrans4.ltrans.o
 .rodata.test_007_006
                0x0000000008006ea0       0x10 /tmp/cc3NXLSa.ltrans4.ltrans.o
 .rodata.test_007_007
                0x0000000008006eb0       0x10 /tmp/cc3NXLSa.ltrans4.ltrans.o
 .rodata.test_008_001
                0x0000000008006ec0       0x10 /tmp/cc3NXLSa.ltrans4.ltrans.o
 .rodata.test_008_002
                0x0000000008006ed0       0x10 /tmp/cc3NXLSa.ltrans4.ltrans.o
 .rodata.test_008_003
                0x0000000008006ee0       0x10 /tmp/cc3NXLSa.ltrans4.ltrans.o
 .rodata.test_009_001
                0x0000000008006ef0       0x10 /tmp/cc3NXLSa.ltrans4.ltrans.o
 .rodata.test_009_002
                0x0000000008006f00       0x10 /tmp/cc3NXLSa.ltrans4.ltrans.o
 .rodata.test_009_003
                0x0000000008006f10       0x10 /tmp/cc3NXLSa.ltrans4.ltrans.o
 .rodata.test_010_001
                0x0000000008006f20       0x10 /tmp/cc3NXLSa.ltrans4.ltrans.o
 .rodata.test_010_002
                0x0000000008006f30       0x10 /tmp/cc3NXLSa.ltrans4.ltrans.o
 .rodata.test_011_001
                0x0000000008006f40       0x10 /tmp/cc3NXLSa.ltrans4.ltrans.o
 .rodata.test_011_002
                0x0000000008006f50       0x10 /tmp/cc3NXLSa.ltrans4.ltrans.o
 .rodata.test_012_001
                0x0000000008006f60       0x10 /tmp/cc3NXLSa.ltrans4.ltrans.o
 .rodata.test_012_002
                0x0000000008006f70       0x10 /tmp/cc3NXLSa.ltrans4.ltrans.o
 .rodata.test_012_003
                0x0000000008006f80       0x10 /tmp/cc3NXLSa.ltrans4.ltrans.o
 .rodata.test_012_004
                0x0000000008006f90       0x10 /tmp/cc3NXLSa.ltrans4.ltrans.o
 .rodata.test_012_004_execute.str1.4
                0x0000000008006fa0        0xa /tmp/cc3NXLSa.ltrans4.ltrans.o
 *fill*         0x0000000008006faa        0x2 
 .rodata.test_012_005
                0x0000000008006fac       0x10 /tmp/cc3NXLSa.ltrans4.ltrans.o
 .rodata.test_012_006
                0x0000000008006fbc       0x10 /tmp/cc3NXLSa.ltrans4.ltrans.o
 .rodata.test_012_006_execute.str1.4
                0x0000000008006fcc        0xb /tmp/cc3NXLSa.ltrans4.ltrans.o
 *fill*         0x0000000008006fd7        0x1 
 .rodata.test_012_007
                0x0000000008006fd8       0x10 /tmp/cc3NXLSa.ltrans4.ltrans.o
 .rodata.test_012_007_execute.str1.4
                0x0000000008006fe8       0x11 /tmp/cc3NXLSa.ltrans4.ltrans.o
 *fill*         0x0000000008006ff9        0x3 
 .rodata.test_012_008
                0x0000000008006ffc       0x10 /tmp/cc3NXLSa.ltrans4.ltrans.o
 .rodata.test_012_009
                0x000000000800700c       0x10 /tmp/cc3NXLSa.ltrans4.ltrans.o
 .rodata.test_012_009_execute.str1.4
                0x000000000800701c        0xa /tmp/cc3NXLSa.ltrans4.ltrans.o
 *fill*         0x0000000008007026        0x2 
 .rodata.test_012_010
                0x0000000008007028       0x10 /tmp/cc3NXLSa.ltrans4.ltrans.o
 .rodata.test_012_010_execute.str1.4
                0x0000000008007038        0xf /tmp/cc3NXLSa.ltrans4.ltrans.o
 *fill*         0x0000000008007047        0x1 
 .rodata.test_012_011
                0x0000000008007048       0x10 /tmp/cc3NXLSa.ltrans4.ltrans.o
 .rodata.test_012_011_execute.str1.4
                0x0000000008007058       0x1f /tmp/cc3NXLSa.ltrans4.ltrans.o
 *fill*         0x0000000008007077        0x1 
 .rodata.test_012_012
                0x0000000008007078       0x10 /tmp/cc3NXLSa.ltrans4.ltrans.o
 .rodata.test_012_012_execute.str1.4
                0x0000000008007088       0x95 /tmp/cc3NXLSa.ltrans4.ltrans.o
 *fill*         0x000000000800711d        0x3 
 .rodata.test_sequence_001
                0x0000000008007120       0x14 /tmp/cc3NXLSa.ltrans4.ltrans.o
 .rodata.test_sequence_002
                0x0000000008007134       0x14 /tmp/cc3NXLSa.ltrans4.ltrans.o
 .rodata.test_sequence_003
                0x0000000008007148        0x8 /tmp/cc3NXLSa.ltrans4.ltrans.o
 .rodata.test_sequence_004
                0x0000000008007150       0x1c /tmp/cc3NXLSa.ltrans4.ltrans.o
 .rodata.test_sequence_005
                0x000000000800716c       0x1c /tmp/cc3NXLSa.ltrans4.ltrans.o
 .rodata.test_sequence_006
                0x0000000008007188        0x8 /tmp/cc3NXLSa.ltrans4.ltrans.o
 .rodata.test_sequence_007
                0x0000000008007190       0x20 /tmp/cc3NXLSa.ltrans4.ltrans.o
 .rodata.test_sequence_008
                0x00000000080071b0       0x10 /tmp/cc3NXLSa.ltrans4.ltrans.o
 .rodata.test_sequence_009
                0x00000000080071c0       0x10 /tmp/cc3NXLSa.ltrans4.ltrans.o
 .rodata.test_sequence_010
                0x00000000080071d0        0xc /tmp/cc3NXLSa.ltrans4.ltrans.o
 .rodata.test_sequence_011
                0x00000000080071dc        0xc /tmp/cc3NXLSa.ltrans4.ltrans.o
 .rodata.test_sequence_012
                0x00000000080071e8       0x34 /tmp/cc3NXLSa.ltrans4.ltrans.o
 .rodata.test_suite
                0x000000000800721c       0x34 /tmp/cc3NXLSa.ltrans4.ltrans.o
 .rodata.vmt    0x0000000008007250       0x20 /tmp/cc3NXLSa.ltrans4.ltrans.o
 .rodata.wa     0x0000000008007270       0x14 /tmp/cc3NXLSa.ltrans4.ltrans.o
                0x0000000008007270                wa
 .rodata.test_009_001_execute.lto_priv.149.str1.4
                0x0000000008007284       0x35 /tmp/cc3NXLSa.ltrans5.ltrans.o
 *fill*         0x00000000080072b9        0x3 
 .rodata.test_010_001_execute.lto_priv.155.str1.4
                0x00000000080072bc       0x49 /tmp/cc3NXLSa.ltrans5.ltrans.o
                                         0x55 (size before relaxing)
 *fill*         0x0000000008007305        0x3 
 .rodata.test_010_002_execute.lto_priv.156.str1.4
                0x0000000008007308       0x2a /tmp/cc3NXLSa.ltrans5.ltrans.o
 *fill*         0x0000000008007332        0x2 
 .rodata.test_011_001_execute.lto_priv.158.str1.4
                0x0000000008007334       0x66 /tmp/cc3NXLSa.ltrans5.ltrans.o
 *fill*         0x000000000800739a        0x2 
 .rodata.test_011_002_execute.lto_priv.160.str1.4
                0x000000000800739c       0x80 /tmp/cc3NXLSa.ltrans5.ltrans.o
                                         0xb0 (size before relaxing)
 .rodata.test_012_003_execute.lto_priv.163.str1.4
                0x000000000800741c        0xa /tmp/cc3NXLSa.ltrans5.ltrans.o
                                         0x26 (size before relaxing)
 *fill*         0x0000000008007426        0x2 
 .rodata._test_assert_time_window.constprop.2.str1.4
                0x0000000008007428       0x13 /tmp/cc3NXLSa.ltrans6.ltrans.o
 *fill*         0x000000000800743b        0x1 
 .rodata.chThdCreateStatic.constprop.65.str1.4
                0x000000000800743c        0x8 /tmp/cc3NXLSa.ltrans6.ltrans.o
                                          0x7 (size before relaxing)
                0x0000000008007444                . = ALIGN (0x4)
                0x0000000008007444                __rodata_end__ = .

.rel.dyn        0x0000000008007444        0x0
 .rel.iplt      0x0000000008007444        0x0 build/obj/crt0_v7m.o

.ARM.extab
 *(.ARM.extab* .gnu.linkonce.armextab.*)

.ARM.exidx      0x0000000008007444        0x0
                0x0000000008007444                __exidx_start = .
 *(.ARM.exidx* .gnu.linkonce.armexidx.*)
                0x0000000008007444                __exidx_end = .

.eh_frame_hdr
 *(.eh_frame_hdr)

.eh_frame
 *(.eh_frame)
                0x0000000020000000                __ram0_start__ = ORIGIN (ram0)
                0x0000000000020000                __ram0_size__ = LENGTH (ram0)
                0x0000000020020000                __ram0_end__ = (__ram0_start__ + __ram0_size__)
                0x0000000020000000                __ram1_start__ = ORIGIN (ram1)
                0x000000000001c000                __ram1_size__ = LENGTH (ram1)
                0x000000002001c000                __ram1_end__ = (__ram1_start__ + __ram1_size__)
                0x000000002001c000                __ram2_start__ = ORIGIN (ram2)
                0x0000000000004000                __ram2_size__ = LENGTH (ram2)
                0x0000000020020000                __ram2_end__ = (__ram2_start__ + __ram2_size__)
                0x0000000000000000                __ram3_start__ = ORIGIN (ram3)
                0x0000000000000000                __ram3_size__ = LENGTH (ram3)
                0x0000000000000000                __ram3_end__ = (__ram3_start__ + __ram3_size__)
                0x0000000010000000                __ram4_start__ = ORIGIN (ram4)
                0x0000000000010000                __ram4_size__ = LENGTH (ram4)
                0x0000000010010000                __ram4_end__ = (__ram4_start__ + __ram4_size__)
                0x0000000040024000                __ram5_start__ = ORIGIN (ram5)
                0x0000000000001000                __ram5_size__ = LENGTH (ram5)
                0x0000000040025000                __ram5_end__ = (__ram5_start__ + __ram5_size__)
                0x0000000000000000                __ram6_start__ = ORIGIN (ram6)
                0x0000000000000000                __ram6_size__ = LENGTH (ram6)
                0x0000000000000000                __ram6_end__ = (__ram6_start__ + __ram6_size__)
                0x0000000000000000                __ram7_start__ = ORIGIN (ram7)
                0x0000000000000000                __ram7_size__ = LENGTH (ram7)
                0x0000000000000000                __ram7_end__ = (__ram7_start__ + __ram7_size__)

.data           0x0000000020000800       0x7c load address 0x0000000008007444
                0x0000000020000800                . = ALIGN (0x4)
                [!provide]                        PROVIDE (_textdata, LOADADDR (.data))
                [!provide]                        PROVIDE (_data, .)
                0x0000000008007444                _textdata_start = LOADADDR (.data)
                0x0000000020000800                _data_start = .
 *(.data)
 *(.data.*)
 .data.es1.lto_priv.176
                0x0000000020000800        0x4 /tmp/cc3NXLSa.ltrans1.ltrans.o
                0x0000000020000800                es1.lto_priv.176
 .data.es2.lto_priv.177
                0x0000000020000804        0x4 /tmp/cc3NXLSa.ltrans1.ltrans.o
                0x0000000020000804                es2.lto_priv.177
 .data.m2       0x0000000020000808       0x10 /tmp/cc3NXLSa.ltrans2.ltrans.o
 .data.mp1.lto_priv.166
                0x0000000020000818        0xc /tmp/cc3NXLSa.ltrans5.ltrans.o
                0x0000000020000818                mp1.lto_priv.166
 .data.c1.lto_priv.178
                0x0000000020000824        0x8 /tmp/cc3NXLSa.ltrans6.ltrans.o
                0x0000000020000824                c1.lto_priv.178
 .data.gmp1.lto_priv.169
                0x000000002000082c       0x18 /tmp/cc3NXLSa.ltrans6.ltrans.o
                0x000000002000082c                gmp1.lto_priv.169
 .data.m1.lto_priv.179
                0x0000000020000844       0x10 /tmp/cc3NXLSa.ltrans6.ltrans.o
                0x0000000020000844                m1.lto_priv.179
 .data.mb1.lto_priv.172
                0x0000000020000854       0x28 /tmp/cc3NXLSa.ltrans6.ltrans.o
                0x0000000020000854                mb1.lto_priv.172
 *(.ramtext)
                0x000000002000087c                . = ALIGN (0x4)
                [!provide]                        PROVIDE (_edata, .)
                0x000000002000087c                _data_end = .

.igot.plt       0x000000002000087c        0x0 load address 0x00000000080074c0
 .igot.plt      0x000000002000087c        0x0 build/obj/crt0_v7m.o

.bss            0x0000000020000880      0xaa0 load address 0x00000000080074c0
                0x0000000020000880                . = ALIGN (0x4)
                0x0000000020000880                _bss_start = .
 *(.bss)
 *(.bss.*)
 .bss.tr1       0x0000000020000880        0x4 /tmp/cc3NXLSa.ltrans3.ltrans.o
 .bss.SD2       0x0000000020000884       0x7c /tmp/cc3NXLSa.ltrans4.ltrans.o
                0x0000000020000884                SD2
 .bss.ch_idle_thread_wa
                0x0000000020000900       0xd8 /tmp/cc3NXLSa.ltrans4.ltrans.o
 .bss.endmem.lto_priv.189
                0x00000000200009d8        0x4 /tmp/cc3NXLSa.ltrans4.ltrans.o
                0x00000000200009d8                endmem.lto_priv.189
 .bss.mtx1      0x00000000200009dc       0x10 /tmp/cc3NXLSa.ltrans4.ltrans.o
 .bss.nextmem.lto_priv.188
                0x00000000200009ec        0x4 /tmp/cc3NXLSa.ltrans4.ltrans.o
                0x00000000200009ec                nextmem.lto_priv.188
 .bss.sem1.lto_priv.165
                0x00000000200009f0        0xc /tmp/cc3NXLSa.ltrans4.ltrans.o
                0x00000000200009f0                sem1.lto_priv.165
 *fill*         0x00000000200009fc        0x4 
 .bss.test_buffer
                0x0000000020000a00      0x668 /tmp/cc3NXLSa.ltrans4.ltrans.o
                0x0000000020000a00                test_buffer
 .bss.test_chp.lto_priv.187
                0x0000000020001068        0x4 /tmp/cc3NXLSa.ltrans4.ltrans.o
                0x0000000020001068                test_chp.lto_priv.187
 .bss.test_step
                0x000000002000106c        0x4 /tmp/cc3NXLSa.ltrans4.ltrans.o
                0x000000002000106c                test_step
 .bss.test_tokens_buffer.lto_priv.186
                0x0000000020001070       0x10 /tmp/cc3NXLSa.ltrans4.ltrans.o
                0x0000000020001070                test_tokens_buffer.lto_priv.186
 .bss.test_tokp.lto_priv.185
                0x0000000020001080        0x4 /tmp/cc3NXLSa.ltrans4.ltrans.o
                0x0000000020001080                test_tokp.lto_priv.185
 .bss.threads   0x0000000020001084       0x14 /tmp/cc3NXLSa.ltrans4.ltrans.o
                0x0000000020001084                threads
 .bss.vt1.7334  0x0000000020001098       0x14 /tmp/cc3NXLSa.ltrans4.ltrans.o
 .bss.vt2.7335  0x00000000200010ac       0x14 /tmp/cc3NXLSa.ltrans4.ltrans.o
 .bss.waThread1
                0x00000000200010c0      0x148 /tmp/cc3NXLSa.ltrans4.ltrans.o
 .bss.objects   0x0000000020001208       0x10 /tmp/cc3NXLSa.ltrans5.ltrans.o
 .bss.test_heap
                0x0000000020001218       0x20 /tmp/cc3NXLSa.ltrans5.ltrans.o
 .bss.ch        0x0000000020001238       0x78 /tmp/cc3NXLSa.ltrans6.ltrans.o
                0x0000000020001238                ch
 .bss.default_heap.lto_priv.72
                0x00000000200012b0       0x20 /tmp/cc3NXLSa.ltrans6.ltrans.o
                0x00000000200012b0                default_heap.lto_priv.72
 .bss.heap1.lto_priv.168
                0x00000000200012d0       0x20 /tmp/cc3NXLSa.ltrans6.ltrans.o
                0x00000000200012d0                heap1.lto_priv.168
 .bss.mb_buffer.lto_priv.173
                0x00000000200012f0       0x10 /tmp/cc3NXLSa.ltrans6.ltrans.o
                0x00000000200012f0                mb_buffer.lto_priv.173
 .bss.mp1.lto_priv.167
                0x0000000020001300        0xc /tmp/cc3NXLSa.ltrans6.ltrans.o
                0x0000000020001300                mp1.lto_priv.167
 .bss.sem1.lto_priv.182
                0x000000002000130c        0xc /tmp/cc3NXLSa.ltrans6.ltrans.o
                0x000000002000130c                sem1.lto_priv.182
 .bss.test_failure_message.lto_priv.71
                0x0000000020001318        0x4 /tmp/cc3NXLSa.ltrans6.ltrans.o
                0x0000000020001318                test_failure_message.lto_priv.71
 .bss.test_global_fail
                0x000000002000131c        0x1 /tmp/cc3NXLSa.ltrans6.ltrans.o
                0x000000002000131c                test_global_fail
 .bss.test_local_fail.lto_priv.70
                0x000000002000131d        0x1 /tmp/cc3NXLSa.ltrans6.ltrans.o
                0x000000002000131d                test_local_fail.lto_priv.70
 *(COMMON)
                0x0000000020001320                . = ALIGN (0x4)
 *fill*         0x000000002000131e        0x2 
                0x0000000020001320                _bss_end = .
                [!provide]                        PROVIDE (end, .)

.ram0_init      0x0000000020001320        0x0 load address 0x00000000080074c0
                0x0000000020001320                . = ALIGN (0x4)
                0x00000000080074c0                __ram0_init_text__ = LOADADDR (.ram0_init)
                0x0000000020001320                __ram0_init__ = .
 *(.ram0_init)
 *(.ram0_init.*)
                0x0000000020001320                . = ALIGN (0x4)

.ram0           0x0000000020001320        0x0 load address 0x00000000080074c0
                0x0000000020001320                . = ALIGN (0x4)
                0x0000000020001320                __ram0_clear__ = .
 *(.ram0_clear)
 *(.ram0_clear.*)
                0x0000000020001320                . = ALIGN (0x4)
                0x0000000020001320                __ram0_noinit__ = .
 *(.ram0)
 *(.ram0.*)
                0x0000000020001320                . = ALIGN (0x4)
                0x0000000020001320                __ram0_free__ = .

.ram1_init      0x0000000020000000        0x0 load address 0x00000000080074c0
                0x0000000020000000                . = ALIGN (0x4)
                0x00000000080074c0                __ram1_init_text__ = LOADADDR (.ram1_init)
                0x0000000020000000                __ram1_init__ = .
 *(.ram1_init)
 *(.ram1_init.*)
                0x0000000020000000                . = ALIGN (0x4)

.ram1           0x0000000020000000        0x0 load address 0x00000000080074c0
                0x0000000020000000                . = ALIGN (0x4)
                0x0000000020000000                __ram1_clear__ = .
 *(.ram1_clear)
 *(.ram1_clear.*)
                0x0000000020000000                . = ALIGN (0x4)
                0x0000000020000000                __ram1_noinit__ = .
 *(.ram1)
 *(.ram1.*)
                0x0000000020000000                . = ALIGN (0x4)
                0x0000000020000000                __ram1_free__ = .

.ram2_init      0x000000002001c000        0x0 load address 0x00000000080074c0
                0x000000002001c000                . = ALIGN (0x4)
                0x00000000080074c0                __ram2_init_text__ = LOADADDR (.ram2_init)
                0x000000002001c000                __ram2_init__ = .
 *(.ram2_init)
 *(.ram2_init.*)
                0x000000002001c000                . = ALIGN (0x4)

.ram2           0x000000002001c000        0x0 load address 0x00000000080074c0
                0x000000002001c000                . = ALIGN (0x4)
                0x000000002001c000                __ram2_clear__ = .
 *(.ram2_clear)
 *(.ram2_clear.*)
                0x000000002001c000                . = ALIGN (0x4)
                0x000000002001c000                __ram2_noinit__ = .
 *(.ram2)
 *(.ram2.*)
                0x000000002001c000                . = ALIGN (0x4)
                0x000000002001c000                __ram2_free__ = .

.ram3_init      0x0000000000000000        0x0 load address 0x00000000080074c0
                0x0000000000000000                . = ALIGN (0x4)
                0x00000000080074c0                __ram3_init_text__ = LOADADDR (.ram3_init)
                0x0000000000000000                __ram3_init__ = .
 *(.ram3_init)
 *(.ram3_init.*)
                0x0000000000000000                . = ALIGN (0x4)

.ram3           0x0000000000000000        0x0 load address 0x00000000080074c0
                0x0000000000000000                . = ALIGN (0x4)
                0x0000000000000000                __ram3_clear__ = .
 *(.ram3_clear)
 *(.ram3_clear.*)
                0x0000000000000000                . = ALIGN (0x4)
                0x0000000000000000                __ram3_noinit__ = .
 *(.ram3)
 *(.ram3.*)
                0x0000000000000000                . = ALIGN (0x4)
                0x0000000000000000                __ram3_free__ = .

.ram4_init      0x0000000010000000        0x0 load address 0x00000000080074c0
                0x0000000010000000                . = ALIGN (0x4)
                0x00000000080074c0                __ram4_init_text__ = LOADADDR (.ram4_init)
                0x0000000010000000                __ram4_init__ = .
 *(.ram4_init)
 *(.ram4_init.*)
                0x0000000010000000                . = ALIGN (0x4)

.ram4           0x0000000010000000        0x0 load address 0x00000000080074c0
                0x0000000010000000                . = ALIGN (0x4)
                0x0000000010000000                __ram4_clear__ = .
 *(.ram4_clear)
 *(.ram4_clear.*)
                0x0000000010000000                . = ALIGN (0x4)
                0x0000000010000000                __ram4_noinit__ = .
 *(.ram4)
 *(.ram4.*)
                0x0000000010000000                . = ALIGN (0x4)
                0x0000000010000000                __ram4_free__ = .

.ram5_init      0x0000000040024000        0x0 load address 0x00000000080074c0
                0x0000000040024000                . = ALIGN (0x4)
                0x00000000080074c0                __ram5_init_text__ = LOADADDR (.ram5_init)
                0x0000000040024000                __ram5_init__ = .
 *(.ram5_init)
 *(.ram5_init.*)
                0x0000000040024000                . = ALIGN (0x4)

.ram5           0x0000000040024000        0x0 load address 0x00000000080074c0
                0x0000000040024000                . = ALIGN (0x4)
                0x0000000040024000                __ram5_clear__ = .
 *(.ram5_clear)
 *(.ram5_clear.*)
                0x0000000040024000                . = ALIGN (0x4)
                0x0000000040024000                __ram5_noinit__ = .
 *(.ram5)
 *(.ram5.*)
                0x0000000040024000                . = ALIGN (0x4)
                0x0000000040024000                __ram5_free__ = .

.ram6_init      0x0000000000000000        0x0 load address 0x00000000080074c0
                0x0000000000000000                . = ALIGN (0x4)
                0x00000000080074c0                __ram6_init_text__ = LOADADDR (.ram6_init)
                0x0000000000000000                __ram6_init__ = .
 *(.ram6_init)
 *(.ram6_init.*)
                0x0000000000000000                . = ALIGN (0x4)

.ram6           0x0000000000000000        0x0 load address 0x00000000080074c0
                0x0000000000000000                . = ALIGN (0x4)
                0x0000000000000000                __ram6_clear__ = .
 *(.ram6_clear)
 *(.ram6_clear.*)
                0x0000000000000000                . = ALIGN (0x4)
                0x0000000000000000                __ram6_noinit__ = .
 *(.ram6)
 *(.ram6.*)
                0x0000000000000000                . = ALIGN (0x4)
                0x0000000000000000                __ram6_free__ = .

.ram7_init      0x0000000000000000        0x0 load address 0x00000000080074c0
                0x0000000000000000                . = ALIGN (0x4)
                0x00000000080074c0                __ram7_init_text__ = LOADADDR (.ram7_init)
                0x0000000000000000                __ram7_init__ = .
 *(.ram7_init)
 *(.ram7_init.*)
                0x0000000000000000                . = ALIGN (0x4)

.ram7           0x0000000000000000        0x0 load address 0x00000000080074c0
                0x0000000000000000                . = ALIGN (0x4)
                0x0000000000000000                __ram7_clear__ = .
 *(.ram7_clear)
 *(.ram7_clear.*)
                0x0000000000000000                . = ALIGN (0x4)
                0x0000000000000000                __ram7_noinit__ = .
 *(.ram7)
 *(.ram7.*)
                0x0000000000000000                . = ALIGN (0x4)
                0x0000000000000000                __ram7_free__ = .

.heap           0x0000000020001320    0x1ece0
                0x0000000020001320                . = ALIGN (0x8)
                0x0000000020001320                __heap_base__ = .
                0x0000000020020000                . = (ORIGIN (HEAP_RAM) + LENGTH (HEAP_RAM))
 *fill*         0x0000000020001320    0x1ece0 
                0x0000000020020000                __heap_end__ = .
                0x0000000000000400                __process_stack_size__ = 0x400
                0x0000000000000400                __main_stack_size__ = 0x400
START GROUP
LOAD /usr/bin/../lib/gcc/arm-none-eabi/6.3.1/thumb/v7e-m/libgcc.a
LOAD /usr/bin/../lib/gcc/arm-none-eabi/6.3.1/../../../../arm-none-eabi/lib/thumb/v7e-m/libg.a
LOAD /usr/bin/../lib/gcc/arm-none-eabi/6.3.1/../../../../arm-none-eabi/lib/thumb/v7e-m/libc.a
END GROUP
OUTPUT(build/ch.elf elf32-littlearm)

.ARM.attributes
                0x0000000000000000       0x2d
 .ARM.attributes
                0x0000000000000000       0x21 build/obj/crt0_v7m.o
 .ARM.attributes
                0x0000000000000021       0x21 build/obj/chcoreasm_v7m.o
 .ARM.attributes
                0x0000000000000042       0x31 /tmp/cc3NXLSa.ltrans0.ltrans.o
 .ARM.attributes
                0x0000000000000073       0x31 /tmp/cc3NXLSa.ltrans1.ltrans.o
 .ARM.attributes
                0x00000000000000a4       0x31 /tmp/cc3NXLSa.ltrans2.ltrans.o
 .ARM.attributes
                0x00000000000000d5       0x31 /tmp/cc3NXLSa.ltrans3.ltrans.o
 .ARM.attributes
                0x0000000000000106       0x31 /tmp/cc3NXLSa.ltrans4.ltrans.o
 .ARM.attributes
                0x0000000000000137       0x31 /tmp/cc3NXLSa.ltrans5.ltrans.o
 .ARM.attributes
                0x0000000000000168       0x31 /tmp/cc3NXLSa.ltrans6.ltrans.o

.comment        0x0000000000000000       0x7f
 .comment       0x0000000000000000       0x7f /tmp/cc3NXLSa.ltrans0.ltrans.o
                                         0x80 (size before relaxing)
 .comment       0x000000000000007f       0x80 /tmp/cc3NXLSa.ltrans1.ltrans.o
 .comment       0x000000000000007f       0x80 /tmp/cc3NXLSa.ltrans2.ltrans.o
 .comment       0x000000000000007f       0x80 /tmp/cc3NXLSa.ltrans3.ltrans.o
 .comment       0x000000000000007f       0x80 /tmp/cc3NXLSa.ltrans4.ltrans.o
 .comment       0x000000000000007f       0x80 /tmp/cc3NXLSa.ltrans5.ltrans.o
 .comment       0x000000000000007f       0x80 /tmp/cc3NXLSa.ltrans6.ltrans.o

.debug_info     0x0000000000000000    0x17aed
 .debug_info    0x0000000000000000     0x5a71 /tmp/cc3NXLSa.ltrans0.ltrans.o
 .debug_info    0x0000000000005a71     0x3249 /tmp/cc3NXLSa.ltrans1.ltrans.o
 .debug_info    0x0000000000008cba     0x350f /tmp/cc3NXLSa.ltrans2.ltrans.o
 .debug_info    0x000000000000c1c9     0x3646 /tmp/cc3NXLSa.ltrans3.ltrans.o
 .debug_info    0x000000000000f80f     0x3599 /tmp/cc3NXLSa.ltrans4.ltrans.o
 .debug_info    0x0000000000012da8     0x25fb /tmp/cc3NXLSa.ltrans5.ltrans.o
 .debug_info    0x00000000000153a3     0x274a /tmp/cc3NXLSa.ltrans6.ltrans.o

.debug_abbrev   0x0000000000000000     0x2242
 .debug_abbrev  0x0000000000000000      0x77d /tmp/cc3NXLSa.ltrans0.ltrans.o
 .debug_abbrev  0x000000000000077d      0x404 /tmp/cc3NXLSa.ltrans1.ltrans.o
 .debug_abbrev  0x0000000000000b81      0x479 /tmp/cc3NXLSa.ltrans2.ltrans.o
 .debug_abbrev  0x0000000000000ffa      0x4e2 /tmp/cc3NXLSa.ltrans3.ltrans.o
 .debug_abbrev  0x00000000000014dc      0x4b9 /tmp/cc3NXLSa.ltrans4.ltrans.o
 .debug_abbrev  0x0000000000001995      0x467 /tmp/cc3NXLSa.ltrans5.ltrans.o
 .debug_abbrev  0x0000000000001dfc      0x446 /tmp/cc3NXLSa.ltrans6.ltrans.o

.debug_loc      0x0000000000000000     0x7601
 .debug_loc     0x0000000000000000     0x2a46 /tmp/cc3NXLSa.ltrans0.ltrans.o
 .debug_loc     0x0000000000002a46      0xf97 /tmp/cc3NXLSa.ltrans1.ltrans.o
 .debug_loc     0x00000000000039dd      0xc2c /tmp/cc3NXLSa.ltrans2.ltrans.o
 .debug_loc     0x0000000000004609      0xa0b /tmp/cc3NXLSa.ltrans3.ltrans.o
 .debug_loc     0x0000000000005014      0xa58 /tmp/cc3NXLSa.ltrans4.ltrans.o
 .debug_loc     0x0000000000005a6c      0xaf0 /tmp/cc3NXLSa.ltrans5.ltrans.o
 .debug_loc     0x000000000000655c     0x10a5 /tmp/cc3NXLSa.ltrans6.ltrans.o

.debug_aranges  0x0000000000000000      0x6d0
 .debug_aranges
                0x0000000000000000      0x260 /tmp/cc3NXLSa.ltrans0.ltrans.o
 .debug_aranges
                0x0000000000000260       0x80 /tmp/cc3NXLSa.ltrans1.ltrans.o
 .debug_aranges
                0x00000000000002e0       0xf8 /tmp/cc3NXLSa.ltrans2.ltrans.o
 .debug_aranges
                0x00000000000003d8       0xe8 /tmp/cc3NXLSa.ltrans3.ltrans.o
 .debug_aranges
                0x00000000000004c0       0x88 /tmp/cc3NXLSa.ltrans4.ltrans.o
 .debug_aranges
                0x0000000000000548       0xc0 /tmp/cc3NXLSa.ltrans5.ltrans.o
 .debug_aranges
                0x0000000000000608       0xc8 /tmp/cc3NXLSa.ltrans6.ltrans.o

.debug_ranges   0x0000000000000000     0x2e88
 .debug_ranges  0x0000000000000000      0xb30 /tmp/cc3NXLSa.ltrans0.ltrans.o
 .debug_ranges  0x0000000000000b30      0x3b0 /tmp/cc3NXLSa.ltrans1.ltrans.o
 .debug_ranges  0x0000000000000ee0      0x680 /tmp/cc3NXLSa.ltrans2.ltrans.o
 .debug_ranges  0x0000000000001560      0x430 /tmp/cc3NXLSa.ltrans3.ltrans.o
 .debug_ranges  0x0000000000001990      0xac0 /tmp/cc3NXLSa.ltrans4.ltrans.o
 .debug_ranges  0x0000000000002450      0x660 /tmp/cc3NXLSa.ltrans5.ltrans.o
 .debug_ranges  0x0000000000002ab0      0x3d8 /tmp/cc3NXLSa.ltrans6.ltrans.o

.debug_line     0x0000000000000000     0x615e
 .debug_line    0x0000000000000000     0x190d /tmp/cc3NXLSa.ltrans0.ltrans.o
 .debug_line    0x000000000000190d      0xa0c /tmp/cc3NXLSa.ltrans1.ltrans.o
 .debug_line    0x0000000000002319      0xc1e /tmp/cc3NXLSa.ltrans2.ltrans.o
 .debug_line    0x0000000000002f37      0xc20 /tmp/cc3NXLSa.ltrans3.ltrans.o
 .debug_line    0x0000000000003b57     0x109e /tmp/cc3NXLSa.ltrans4.ltrans.o
 .debug_line    0x0000000000004bf5      0xa2f /tmp/cc3NXLSa.ltrans5.ltrans.o
 .debug_line    0x0000000000005624      0xb3a /tmp/cc3NXLSa.ltrans6.ltrans.o

.debug_str      0x0000000000000000     0x3893
 .debug_str     0x0000000000000000     0x122a /tmp/cc3NXLSa.ltrans0.ltrans.o
                                       0x1354 (size before relaxing)
 .debug_str     0x000000000000122a      0x4a6 /tmp/cc3NXLSa.ltrans1.ltrans.o
                                        0x982 (size before relaxing)
 .debug_str     0x00000000000016d0      0x5cd /tmp/cc3NXLSa.ltrans2.ltrans.o
                                        0xb6c (size before relaxing)
 .debug_str     0x0000000000001c9d      0x65a /tmp/cc3NXLSa.ltrans3.ltrans.o
                                        0xc52 (size before relaxing)
 .debug_str     0x00000000000022f7      0x976 /tmp/cc3NXLSa.ltrans4.ltrans.o
                                       0x110a (size before relaxing)
 .debug_str     0x0000000000002c6d      0x512 /tmp/cc3NXLSa.ltrans5.ltrans.o
                                        0xaaf (size before relaxing)
 .debug_str     0x000000000000317f      0x714 /tmp/cc3NXLSa.ltrans6.ltrans.o
                                        0xe60 (size before relaxing)

.debug_frame    0x0000000000000000     0x189c
 .debug_frame   0x0000000000000000      0x824 /tmp/cc3NXLSa.ltrans0.ltrans.o
 .debug_frame   0x0000000000000824      0x210 /tmp/cc3NXLSa.ltrans1.ltrans.o
 .debug_frame   0x0000000000000a34      0x3f0 /tmp/cc3NXLSa.ltrans2.ltrans.o
 .debug_frame   0x0000000000000e24      0x348 /tmp/cc3NXLSa.ltrans3.ltrans.o
 .debug_frame   0x000000000000116c      0x210 /tmp/cc3NXLSa.ltrans4.ltrans.o
 .debug_frame   0x000000000000137c      0x2c4 /tmp/cc3NXLSa.ltrans5.ltrans.o
 .debug_frame   0x0000000000001640      0x25c /tmp/cc3NXLSa.ltrans6.ltrans.o

Cross Reference Table

Symbol                                            File
BusFault_Handler                                  build/obj/vectors.o (symbol from plugin)
DebugMon_Handler                                  build/obj/vectors.o (symbol from plugin)
HardFault_Handler                                 build/obj/vectors.o (symbol from plugin)
MemManage_Handler                                 build/obj/vectors.o (symbol from plugin)
NMI_Handler                                       build/obj/vectors.o (symbol from plugin)
PendSV_Handler                                    build/obj/vectors.o (symbol from plugin)
Reset_Handler                                     build/obj/crt0_v7m.o
                                                  /tmp/cc3NXLSa.ltrans0.ltrans.o
                                                  build/obj/vectors.o (symbol from plugin)
SD2                                               /tmp/cc3NXLSa.ltrans4.ltrans.o
                                                  build/obj/hal_serial_lld.o (symbol from plugin)
                                                  /tmp/cc3NXLSa.ltrans0.ltrans.o
                                                  build/obj/main.o (symbol from plugin)
SVC_Handler                                       build/obj/chcore_v7m.o (symbol from plugin)
                                                  build/obj/vectors.o (symbol from plugin)
SysTick_Handler                                   build/obj/vectors.o (symbol from plugin)
SystemCoreClock                                   build/obj/hal_lld.o (symbol from plugin)
UsageFault_Handler                                build/obj/vectors.o (symbol from plugin)
Vector100                                         build/obj/vectors.o (symbol from plugin)
Vector104                                         build/obj/vectors.o (symbol from plugin)
Vector108                                         build/obj/vectors.o (symbol from plugin)
Vector10C                                         build/obj/vectors.o (symbol from plugin)
Vector110                                         build/obj/vectors.o (symbol from plugin)
Vector114                                         build/obj/vectors.o (symbol from plugin)
Vector118                                         build/obj/vectors.o (symbol from plugin)
Vector11C                                         build/obj/vectors.o (symbol from plugin)
Vector120                                         build/obj/vectors.o (symbol from plugin)
Vector124                                         build/obj/vectors.o (symbol from plugin)
Vector128                                         build/obj/vectors.o (symbol from plugin)
Vector12C                                         build/obj/vectors.o (symbol from plugin)
Vector130                                         build/obj/vectors.o (symbol from plugin)
Vector134                                         build/obj/vectors.o (symbol from plugin)
Vector138                                         build/obj/vectors.o (symbol from plugin)
Vector13C                                         build/obj/vectors.o (symbol from plugin)
Vector140                                         build/obj/vectors.o (symbol from plugin)
Vector144                                         build/obj/vectors.o (symbol from plugin)
Vector148                                         build/obj/vectors.o (symbol from plugin)
Vector14C                                         build/obj/vectors.o (symbol from plugin)
Vector150                                         build/obj/vectors.o (symbol from plugin)
Vector154                                         build/obj/vectors.o (symbol from plugin)
Vector158                                         build/obj/vectors.o (symbol from plugin)
Vector15C                                         build/obj/vectors.o (symbol from plugin)
Vector160                                         build/obj/vectors.o (symbol from plugin)
Vector164                                         build/obj/vectors.o (symbol from plugin)
Vector168                                         build/obj/vectors.o (symbol from plugin)
Vector16C                                         build/obj/vectors.o (symbol from plugin)
Vector170                                         build/obj/vectors.o (symbol from plugin)
Vector174                                         build/obj/vectors.o (symbol from plugin)
Vector178                                         build/obj/vectors.o (symbol from plugin)
Vector17C                                         build/obj/vectors.o (symbol from plugin)
Vector180                                         build/obj/vectors.o (symbol from plugin)
Vector184                                         build/obj/vectors.o (symbol from plugin)
Vector188                                         build/obj/vectors.o (symbol from plugin)
Vector18C                                         build/obj/vectors.o (symbol from plugin)
Vector190                                         build/obj/vectors.o (symbol from plugin)
Vector194                                         build/obj/vectors.o (symbol from plugin)
Vector198                                         build/obj/vectors.o (symbol from plugin)
Vector19C                                         build/obj/vectors.o (symbol from plugin)
Vector1A0                                         build/obj/vectors.o (symbol from plugin)
Vector1A4                                         build/obj/vectors.o (symbol from plugin)
Vector1A8                                         build/obj/vectors.o (symbol from plugin)
Vector1AC                                         build/obj/vectors.o (symbol from plugin)
Vector1B0                                         build/obj/vectors.o (symbol from plugin)
Vector1B4                                         build/obj/vectors.o (symbol from plugin)
Vector1B8                                         build/obj/vectors.o (symbol from plugin)
Vector1BC                                         build/obj/vectors.o (symbol from plugin)
Vector1C                                          build/obj/vectors.o (symbol from plugin)
Vector20                                          build/obj/vectors.o (symbol from plugin)
Vector24                                          build/obj/vectors.o (symbol from plugin)
Vector28                                          build/obj/vectors.o (symbol from plugin)